Script started on 2020-09-23 21:51:08-04:00 [TERM="xterm" TTY="/dev/pts/1" COLUMNS="134" LINES="71"]
bash: /home/umrigar/cs240/bin/student.rc: No such file or directory
rgeary1@remote02:~/i220a/submit/lab4$ cd exercises/1-pointers/
rgeary1@remote02:~/i220a/submit/lab4/exercises/1-pointers$ ls
pointers.c
rgeary1@remote02:~/i220a/submit/lab4/exercises/1-pointers$ vo[Kim pointers.c
[?1000h[?2004h[?1049h[22;0;0t[?1h=[?2004h[1;71r[?12h[?12l[22;2t[22;1t[27m[23m[29m[m[H[2J[?25l[71;1H"pointers.c" 18L, 458C[2;1Hâ–½[6n[2;1H  [1;1H[>c]10;?]11;?[1;1H[35m#include [m[31m<stdio.h>[m

[32mint[m main() {
  [32mchar[m chars[] = { [31m'a'[m, [31m'b'[m, [31m'c'[m, [31m'd'[m, [31m'e'[m };
  [32mchar[m *cp = chars;
  [33mfor[m ([32munsigned[m i = [31m0[m; i < [33msizeof[m(chars)/[33msizeof[m(chars[[31m0[m]); i++) {
    printf([31m"char pointer cp = [m[35m%p[m[31m, pointing at char [m[35m%c\n[m[31m"[m, cp, *cp);
    cp++;
  }

  [32mint[m ints[] = { [31m1[m, [31m2[m, [31m3[m, [31m4[m, [31m5[m };
  [32mint[m *ip = ints;
  [33mfor[m ([32munsigned[m i = [31m0[m; i < [33msizeof[m(ints)/[33msizeof[m(ints[[31m0[m]); i++) {
    printf([31m"int pointer ip = [m[35m%p[m[31m, pointing at int [m[35m%d\n[m[31m"[m, ip, *ip);
    ip++;
  }
  [33mreturn[m [31m0[m;
}
[1m[34m~                                                                                                                                     [20;1H~                                                                                                                                     [21;1H~                                                                                                                                     [22;1H~                                                                                                                                     [23;1H~                                                                                                                                     [24;1H~                                                                                                                                     [25;1H~                                                                                                                                     [26;1H~                                                                                                                                     [27;1H~                                                                                                                                     [28;1H~                                                                                                                                     [29;1H~                                                                                                                                     [30;1H~                                                                                                                                     [31;1H~                                                                                                                                     [32;1H~                                                                                                                                     [33;1H~                                                                                                                                     [34;1H~                                                                                                                                     [35;1H~                                                                                                                                     [36;1H~                                                                                                                                     [37;1H~                                                                                                                                     [38;1H~                                                                                                                                     [39;1H~                                                                                                                                     [40;1H~                                                                                                                                     [41;1H~                                                                                                                                     [42;1H~                                                                                                                                     [43;1H~                                                                                                                                     [44;1H~                                                                                                                                     [45;1H~                                                                                                                                     [46;1H~                                                                                                                                     [47;1H~                                                                                                                                     [48;1H~                                                                                                                                     [49;1H~                                                                                                                                     [50;1H~                                                                                                                                     [51;1H~                                                                                                                                     [52;1H~                                                                                                                                     [53;1H~                                                                                                                                     [54;1H~                                                                                                                                     [55;1H~                                                                                                                                     [56;1H~                                                                                                                                     [57;1H~                                                                                                                                     [58;1H~                                                                                                                                     [59;1H~                                                                                                                                     [60;1H~                                                                                                                                     [61;1H~                                                                                                                                     [62;1H~                                                                                                                                     [63;1H~                                                                                                                                     [64;1H~                                                                                                                                     [65;1H~                                                                                                                                     [66;1H~                                                                                                                                     [67;1H~                                                                                                                                     [68;1H~                                                                                                                                     [69;1H~                                                                                                                                     [70;1H~                                                                                                                                     [m[71;117H1,1[11CAll[1;1H[?25h[?1000l[?1006h[?1002h[?1006l[?1002l[?1006h[?1002h[27m[23m[29m[m[H[2J[?25l[1;1H[1m[34m#include [m[1m[35m<stdio.h>[m

[1m[32mint[m main() {
  [1m[32mchar[m chars[] = { [1m[35m'a'[m, [1m[35m'b'[m, [1m[35m'c'[m, [1m[35m'd'[m, [1m[35m'e'[m };
  [1m[32mchar[m *cp = chars;
  [1m[33mfor[m ([1m[32munsigned[m i = [1m[35m0[m; i < [1m[33msizeof[m(chars)/[1m[33msizeof[m(chars[[1m[35m0[m]); i++) {
    printf([1m[35m"char pointer cp = [m[1m[31m%p[m[1m[35m, pointing at char [m[1m[31m%c\n[m[1m[35m"[m, cp, *cp);
    cp++;
  }

  [1m[32mint[m ints[] = { [1m[35m1[m, [1m[35m2[m, [1m[35m3[m, [1m[35m4[m, [1m[35m5[m };
  [1m[32mint[m *ip = ints;
  [1m[33mfor[m ([1m[32munsigned[m i = [1m[35m0[m; i < [1m[33msizeof[m(ints)/[1m[33msizeof[m(ints[[1m[35m0[m]); i++) {
    printf([1m[35m"int pointer ip = [m[1m[31m%p[m[1m[35m, pointing at int [m[1m[31m%d\n[m[1m[35m"[m, ip, *ip);
    ip++;
  }
  [1m[33mreturn[m [1m[35m0[m;
}
[1m[34m~                                                                                                                                     [20;1H~                                                                                                                                     [21;1H~                                                                                                                                     [22;1H~                                                                                                                                     [23;1H~                                                                                                                                     [24;1H~                                                                                                                                     [25;1H~                                                                                                                                     [26;1H~                                                                                                                                     [27;1H~                                                                                                                                     [28;1H~                                                                                                                                     [29;1H~                                                                                                                                     [30;1H~                                                                                                                                     [31;1H~                                                                                                                                     [32;1H~                                                                                                                                     [33;1H~                                                                                                                                     [34;1H~                                                                                                                                     [35;1H~                                                                                                                                     [36;1H~                                                                                                                                     [37;1H~                                                                                                                                     [38;1H~                                                                                                                                     [39;1H~                                                                                                                                     [40;1H~                                                                                                                                     [41;1H~                                                                                                                                     [42;1H~                                                                                                                                     [43;1H~                                                                                                                                     [44;1H~                                                                                                                                     [45;1H~                                                                                                                                     [46;1H~                                                                                                                                     [47;1H~                                                                                                                                     [48;1H~                                                                                                                                     [49;1H~                                                                                                                                     [50;1H~                                                                                                                                     [51;1H~                                                                                                                                     [52;1H~                                                                                                                                     [53;1H~                                                                                                                                     [54;1H~                                                                                                                                     [55;1H~                                                                                                                                     [56;1H~                                                                                                                                     [57;1H~                                                                                                                                     [58;1H~                                                                                                                                     [59;1H~                                                                                                                                     [60;1H~                                                                                                                                     [61;1H~                                                                                                                                     [62;1H~                                                                                                                                     [63;1H~                                                                                                                                     [64;1H~                                                                                                                                     [65;1H~                                                                                                                                     [66;1H~                                                                                                                                     [67;1H~                                                                                                                                     [68;1H~                                                                                                                                     [69;1H~                                                                                                                                     [70;1H~                                                                                                                                     [m[71;117H1,1[11CAll"pointers.c" 18L, 458C[1;1H[?25h[?25l[71;107Ha[1;1H[71;107H [1;2H[71;1H[1m-- INSERT --[m[71;14H[K[71;117H1,2[11CAll[1;2H[?25h[?25l#linclude <stdio.h>[71;119H3[1;3H[?25h[?25lkinclude <stdio.h>[71;119H4[1;4H[?25h[?25lsinclude <stdio.h>[71;119H5[1;5H[?25h[?25lhinclude <stdio.h>[71;119H6[1;6H[?25h[?25ldinclude <stdio.h>[71;119H7[1;7H[?25h[?25lvinclude <stdio.h>[71;119H8[1;8H[?25h[?25lflaiwhefbinclude <stdio.h>[71;119H17[1;17H[?25h[?25lpinclude <stdio.h>[71;120H8[1;18H[?25h[?25l9include <stdio.h>[71;120H9[1;19H[?25h[?25lawinclude <stdio.h>[71;119H21[1;21H[?25h[?25lginclude <stdio.h>[71;120H2[1;22H[?25h[?25lrfinclude <stdio.h>[71;120H4[1;24H[?25h[?25lkinclude <stdio.h>[71;120H5[1;25H[?25h[?25lqinclude <stdio.h>[71;120H6[1;26H[?25h[?25lhwrinclude <stdio.h>[71;120H9[1;29H[?25h[?25lfgvinclude <stdio.h>[71;119H32[1;32H[?25h[?25linclude <stdio.h>[1;48H[K[71;120H1[1;31H[?25h[?25l[1;24Hinclude <stdio.h>[1;41H[K[71;119H24[1;24H[?25h[?25linclude <stdio.h>[1;40H[K[71;120H3[1;23H[?25h[?25linclude <stdio.h>[1;39H[K[71;120H2[1;22H[?25h[?25linclude <stdio.h>[1;38H[K[71;120H1[1;21H[?25h[?25linclude <stdio.h>[1;37H[K[71;120H0[1;20H[?25h[?25linclude <stdio.h>[1;36H[K[71;119H19[1;19H[?25h[?25linclude <stdio.h>[1;35H[K[71;120H8[1;18H[?25h[?25linclude <stdio.h>[1;34H[K[71;120H7[1;17H[?25h[?25linclude <stdio.h>[1;33H[K[71;120H6[1;16H[?25h[?25linclude <stdio.h>[1;32H[K[71;120H5[1;15H[?25h[?25linclude <stdio.h>[1;31H[K[71;120H4[1;14H[?25h[?25linclude <stdio.h>[1;30H[K[71;120H3[1;13H[?25h[?25linclude <stdio.h>[1;29H[K[71;120H2[1;12H[?25h[?25lnclude <stdio.h>[1;28H[K[71;120H1[1;11H[?25h[?25linclude <stdio.h>[1;27H[K[71;120H0[1;10H[?25h[?25linclude <stdio.h>[1;26H[K[71;119H9 [1;9H[?25h[?25linclude <stdio.h>[1;25H[K[71;119H8[1;8H[?25h[?25linclude <stdio.h>[1;24H[K[71;119H7[1;7H[?25h[?25linclude <stdio.h>[1;23H[K[71;119H6[1;6H[?25h[?25linclude <stdio.h>[1;22H[K[71;119H5[1;5H[?25h[?25linclude <stdio.h>[1;21H[K[71;119H4[1;4H[?25h[?25linclude <stdio.h>[1;20H[K[71;119H3[1;3H[?25h[?25l[1m[34m#include [m[1m[35m<stdio.h>[m[1;19H[K[71;119H2[1;2H[?25h[?25linclude <stdio.h>[1;18H[K[71;119H1[1;1H[?25h[?25l[1m[34m#include [m[1m[35m<stdio.h>[m[71;119H2[1;2H[?25h[71;1H[K[1;1H[?25l[71;107H^[[1;1H[71;107H  [1;2H[71;117H1,1[11CAll[1;1H[?25h[?25l[71;107H:[1;1H[71;107H[K[71;1H:[?2004h[?25hwq[?25l[?1006l[?1002l[?2004l"pointers.c" 18L, 458C written[23;2t[23;1t[22;2t[22;1t[23;2t[23;1t
[?2004l[?1l>[?25h[?1049l[23;0;0trgeary1@remote02:~/i220a/submit/lab4/exercises/1-pointers$ vim pointers.cls[Kvim pointers.c[Kmake -f ../Makefile 
gcc  -g -Wall -Wextra -Wno-unused-parameter -std=c11 -lm  pointers.c   -o pointers
rgeary1@remote02:~/i220a/submit/lab4/exercises/1-pointers$ ./pointers
char pointer cp = 0x7fffb5de2c6f, pointing at char a
char pointer cp = 0x7fffb5de2c70, pointing at char b
char pointer cp = 0x7fffb5de2c71, pointing at char c
char pointer cp = 0x7fffb5de2c72, pointing at char d
char pointer cp = 0x7fffb5de2c73, pointing at char e
int pointer ip = 0x7fffb5de2c50, pointing at int 1
int pointer ip = 0x7fffb5de2c54, pointing at int 2
int pointer ip = 0x7fffb5de2c58, pointing at int 3
int pointer ip = 0x7fffb5de2c5c, pointing at int 4
int pointer ip = 0x7fffb5de2c60, pointing at int 5
rgeary1@remote02:~/i220a/submit/lab4/exercises/1-pointers$ ./pointersmake -f ../Makefile [6Pvim pointers.cls[Kvim pointers.c
[?1000h[?2004h[?1049h[22;0;0t[?1h=[?2004h[1;71r[?12h[?12l[22;2t[22;1t[27m[23m[29m[m[H[2J[?25l[71;1H"pointers.c" 18L, 458C[2;1Hâ–½[6n[2;1H  [1;1H[>c]10;?]11;?[1;1H[35m#include [m[31m<stdio.h>[m

[32mint[m main() {
  [32mchar[m chars[] = { [31m'a'[m, [31m'b'[m, [31m'c'[m, [31m'd'[m, [31m'e'[m };
  [32mchar[m *cp = chars;
  [33mfor[m ([32munsigned[m i = [31m0[m; i < [33msizeof[m(chars)/[33msizeof[m(chars[[31m0[m]); i++) {
    printf([31m"char pointer cp = [m[35m%p[m[31m, pointing at char [m[35m%c\n[m[31m"[m, cp, *cp);
    cp++;
  }

  [32mint[m ints[] = { [31m1[m, [31m2[m, [31m3[m, [31m4[m, [31m5[m };
  [32mint[m *ip = ints;
  [33mfor[m ([32munsigned[m i = [31m0[m; i < [33msizeof[m(ints)/[33msizeof[m(ints[[31m0[m]); i++) {
    printf([31m"int pointer ip = [m[35m%p[m[31m, pointing at int [m[35m%d\n[m[31m"[m, ip, *ip);
    ip++;
  }
  [33mreturn[m [31m0[m;
}
[1m[34m~                                                                                                                                     [20;1H~                                                                                                                                     [21;1H~                                                                                                                                     [22;1H~                                                                                                                                     [23;1H~                                                                                                                                     [24;1H~                                                                                                                                     [25;1H~                                                                                                                                     [26;1H~                                                                                                                                     [27;1H~                                                                                                                                     [28;1H~                                                                                                                                     [29;1H~                                                                                                                                     [30;1H~                                                                                                                                     [31;1H~                                                                                                                                     [32;1H~                                                                                                                                     [33;1H~                                                                                                                                     [34;1H~                                                                                                                                     [35;1H~                                                                                                                                     [36;1H~                                                                                                                                     [37;1H~                                                                                                                                     [38;1H~                                                                                                                                     [39;1H~                                                                                                                                     [40;1H~                                                                                                                                     [41;1H~                                                                                                                                     [42;1H~                                                                                                                                     [43;1H~                                                                                                                                     [44;1H~                                                                                                                                     [45;1H~                                                                                                                                     [46;1H~                                                                                                                                     [47;1H~                                                                                                                                     [48;1H~                                                                                                                                     [49;1H~                                                                                                                                     [50;1H~                                                                                                                                     [51;1H~                                                                                                                                     [52;1H~                                                                                                                                     [53;1H~                                                                                                                                     [54;1H~                                                                                                                                     [55;1H~                                                                                                                                     [56;1H~                                                                                                                                     [57;1H~                                                                                                                                     [58;1H~                                                                                                                                     [59;1H~                                                                                                                                     [60;1H~                                                                                                                                     [61;1H~                                                                                                                                     [62;1H~                                                                                                                                     [63;1H~                                                                                                                                     [64;1H~                                                                                                                                     [65;1H~                                                                                                                                     [66;1H~                                                                                                                                     [67;1H~                                                                                                                                     [68;1H~                                                                                                                                     [69;1H~                                                                                                                                     [70;1H~                                                                                                                                     [m[71;117H1,1[11CAll[1;1H[?25h[?1000l[?1006h[?1002h[?1006l[?1002l[?1006h[?1002h[27m[23m[29m[m[H[2J[?25l[1;1H[1m[34m#include [m[1m[35m<stdio.h>[m

[1m[32mint[m main() {
  [1m[32mchar[m chars[] = { [1m[35m'a'[m, [1m[35m'b'[m, [1m[35m'c'[m, [1m[35m'd'[m, [1m[35m'e'[m };
  [1m[32mchar[m *cp = chars;
  [1m[33mfor[m ([1m[32munsigned[m i = [1m[35m0[m; i < [1m[33msizeof[m(chars)/[1m[33msizeof[m(chars[[1m[35m0[m]); i++) {
    printf([1m[35m"char pointer cp = [m[1m[31m%p[m[1m[35m, pointing at char [m[1m[31m%c\n[m[1m[35m"[m, cp, *cp);
    cp++;
  }

  [1m[32mint[m ints[] = { [1m[35m1[m, [1m[35m2[m, [1m[35m3[m, [1m[35m4[m, [1m[35m5[m };
  [1m[32mint[m *ip = ints;
  [1m[33mfor[m ([1m[32munsigned[m i = [1m[35m0[m; i < [1m[33msizeof[m(ints)/[1m[33msizeof[m(ints[[1m[35m0[m]); i++) {
    printf([1m[35m"int pointer ip = [m[1m[31m%p[m[1m[35m, pointing at int [m[1m[31m%d\n[m[1m[35m"[m, ip, *ip);
    ip++;
  }
  [1m[33mreturn[m [1m[35m0[m;
}
[1m[34m~                                                                                                                                     [20;1H~                                                                                                                                     [21;1H~                                                                                                                                     [22;1H~                                                                                                                                     [23;1H~                                                                                                                                     [24;1H~                                                                                                                                     [25;1H~                                                                                                                                     [26;1H~                                                                                                                                     [27;1H~                                                                                                                                     [28;1H~                                                                                                                                     [29;1H~                                                                                                                                     [30;1H~                                                                                                                                     [31;1H~                                                                                                                                     [32;1H~                                                                                                                                     [33;1H~                                                                                                                                     [34;1H~                                                                                                                                     [35;1H~                                                                                                                                     [36;1H~                                                                                                                                     [37;1H~                                                                                                                                     [38;1H~                                                                                                                                     [39;1H~                                                                                                                                     [40;1H~                                                                                                                                     [41;1H~                                                                                                                                     [42;1H~                                                                                                                                     [43;1H~                                                                                                                                     [44;1H~                                                                                                                                     [45;1H~                                                                                                                                     [46;1H~                                                                                                                                     [47;1H~                                                                                                                                     [48;1H~                                                                                                                                     [49;1H~                                                                                                                                     [50;1H~                                                                                                                                     [51;1H~                                                                                                                                     [52;1H~                                                                                                                                     [53;1H~                                                                                                                                     [54;1H~                                                                                                                                     [55;1H~                                                                                                                                     [56;1H~                                                                                                                                     [57;1H~                                                                                                                                     [58;1H~                                                                                                                                     [59;1H~                                                                                                                                     [60;1H~                                                                                                                                     [61;1H~                                                                                                                                     [62;1H~                                                                                                                                     [63;1H~                                                                                                                                     [64;1H~                                                                                                                                     [65;1H~                                                                                                                                     [66;1H~                                                                                                                                     [67;1H~                                                                                                                                     [68;1H~                                                                                                                                     [69;1H~                                                                                                                                     [70;1H~                                                                                                                                     [m[71;117H1,1[11CAll"pointers.c" 18L, 458C[1;1H[?25h[?25l[71;107H^[[1;1H[71;107H  [1;1H[71;107H^[[1;1H[71;107H  [1;1H[?25h[?25l[71;107H:[1;1H[71;1H[K[71;1H:[?2004h[?25hw[?25l[?25hq[?25l[?25h[?25l[?1006l[?1002l[?2004l"pointers.c" 18L, 458C written[23;2t[23;1t[22;2t[22;1t[23;2t[23;1t
[?2004l[?1l>[?25h[?1049l[23;0;0trgeary1@remote02:~/i220a/submit/lab4/exercises/1-pointers$ vim pointers.c[4P./pointers
char pointer cp = 0x7ffeda04da6f, pointing at char a
char pointer cp = 0x7ffeda04da70, pointing at char b
char pointer cp = 0x7ffeda04da71, pointing at char c
char pointer cp = 0x7ffeda04da72, pointing at char d
char pointer cp = 0x7ffeda04da73, pointing at char e
int pointer ip = 0x7ffeda04da50, pointing at int 1
int pointer ip = 0x7ffeda04da54, pointing at int 2
int pointer ip = 0x7ffeda04da58, pointing at int 3
int pointer ip = 0x7ffeda04da5c, pointing at int 4
int pointer ip = 0x7ffeda04da60, pointing at int 5
rgeary1@remote02:~/i220a/submit/lab4/exercises/1-pointers$ cd ../2-in-pointers/
rgeary1@remote02:~/i220a/submit/lab4/exercises/2-in-pointers$ ;[Kls
in-pointers.c
rgeary1@remote02:~/i220a/submit/lab4/exercises/2-in-pointers$ vim in-pointers.c 
[?1000h[?2004h[?1049h[22;0;0t[?1h=[?2004h[1;71r[?12h[?12l[22;2t[22;1t[27m[23m[29m[m[H[2J[?25l[71;1H"in-pointers.c" 48L, 1281C[2;1Hâ–½[6n[2;1H  [1;1H[>c]10;?]11;?[1;1H[35m#include [m[31m<stdbool.h>[m
[35m#include [m[31m<stdio.h>[m
[35m#include [m[31m<stdlib.h>[m

[32mint[m main() {
  [32menum[m { N = [31m5[m };
  [32menum[m { MIN_OK_RUN = [31m3[m };

  [32mint[m ints[N];
  [32mint[m nOk = [31m0[m;
  [32mint[m nErr = [31m0[m;
  [32mint[m nRun = [31m0[m;
  printf([31m"Given the base address of an int[] array you need to[m[35m\n[m[31m"[14;10H"provide the address of a specified element.[m[35m\n[m[31m"[15;10H"An int occupies [m[35m%zu[m[31m bytes.[m[35m\n\n[m[31m"[16;10H"Please provide addresses in hex without any leading 0x[m[35m\n[m[31m"[17;10H"You will need [m[35m%d[m[31m correct responses in succession in order[m[35m\n[m[31m"[18;10H"to complete this exercise.[m[35m\n[m[31m"[m, [33msizeof[m([32mint[m), MIN_OK_RUN);
  [33mwhile[m (nRun < MIN_OK_RUN) {
    [32mint[m index = rand()%N;
    printf([31m"base of ints[] is at [m[35m%p\n[m[31m"[m, ints);
    printf([31m"enter pointer to ints[[m[35m%d[m[31m]: "[m, index);
    fflush([31mstdout[m);
    [32mint[m *p;
    [33mif[m (scanf([31m"[m[35m%p[m[31m"[m, &p) != [31m1[m) {[26;7Hprintf([31m"bad input: enter hex pointer value without leading 0x or 0X[m[35m\n[m[31m"[m);
    }
    [33melse[m {[29;7H[32mbool[m isOk = (p == &ints[index]);[30;7H[32mint[m val __attribute__((unused)) = *p;[31;7Hprintf([31m"[m[35m%s\n[m[31m"[m, isOk ? [31m"ok"[m : [31m"not ok"[m);[32;7H[33mif[m (isOk) {[33;9HnOk++;[34;9HnRun++;[35;7H}[36;7H[33melse[m {[37;9HnErr++;[38;9HnRun = [31m0[m;[39;7H}
    }
    [32mint[m c = getchar();
    [33mwhile[m (c != [35m'\n'[m && c != [31mEOF[m) { [34m//waste line[m[43;7Hc = getchar();
    }
  }
  printf([31m"# ok = [m[35m%d[m[31m; # errors = [m[35m%d\n[m[31m"[m, nOk, nErr);
  [33mreturn[m [31m0[m;
}
[1m[34m~                                                                                                                                     [50;1H~                                                                                                                                     [51;1H~                                                                                                                                     [52;1H~                                                                                                                                     [53;1H~                                                                                                                                     [54;1H~                                                                                                                                     [55;1H~                                                                                                                                     [56;1H~                                                                                                                                     [57;1H~                                                                                                                                     [58;1H~                                                                                                                                     [59;1H~                                                                                                                                     [60;1H~                                                                                                                                     [61;1H~                                                                                                                                     [62;1H~                                                                                                                                     [63;1H~                                                                                                                                     [64;1H~                                                                                                                                     [65;1H~                                                                                                                                     [66;1H~                                                                                                                                     [67;1H~                                                                                                                                     [68;1H~                                                                                                                                     [69;1H~                                                                                                                                     [70;1H~                                                                                                                                     [m[71;117H1,1[11CAll[1;1H[?25h[?1000l[?1006h[?1002h[?1006l[?1002l[?1006h[?1002h[27m[23m[29m[m[H[2J[?25l[1;1H[1m[34m#include [m[1m[35m<stdbool.h>[m
[1m[34m#include [m[1m[35m<stdio.h>[m
[1m[34m#include [m[1m[35m<stdlib.h>[m

[1m[32mint[m main() {
  [1m[32menum[m { N = [1m[35m5[m };
  [1m[32menum[m { MIN_OK_RUN = [1m[35m3[m };

  [1m[32mint[m ints[N];
  [1m[32mint[m nOk = [1m[35m0[m;
  [1m[32mint[m nErr = [1m[35m0[m;
  [1m[32mint[m nRun = [1m[35m0[m;
  printf([1m[35m"Given the base address of an int[] array you need to[m[1m[31m\n[m[1m[35m"[14;10H"provide the address of a specified element.[m[1m[31m\n[m[1m[35m"[15;10H"An int occupies [m[1m[31m%zu[m[1m[35m bytes.[m[1m[31m\n\n[m[1m[35m"[16;10H"Please provide addresses in hex without any leading 0x[m[1m[31m\n[m[1m[35m"[17;10H"You will need [m[1m[31m%d[m[1m[35m correct responses in succession in order[m[1m[31m\n[m[1m[35m"[18;10H"to complete this exercise.[m[1m[31m\n[m[1m[35m"[m, [1m[33msizeof[m([1m[32mint[m), MIN_OK_RUN);
  [1m[33mwhile[m (nRun < MIN_OK_RUN) {
    [1m[32mint[m index = rand()%N;
    printf([1m[35m"base of ints[] is at [m[1m[31m%p\n[m[1m[35m"[m, ints);
    printf([1m[35m"enter pointer to ints[[m[1m[31m%d[m[1m[35m]: "[m, index);
    fflush([1m[35mstdout[m);
    [1m[32mint[m *p;
    [1m[33mif[m (scanf([1m[35m"[m[1m[31m%p[m[1m[35m"[m, &p) != [1m[35m1[m) {[26;7Hprintf([1m[35m"bad input: enter hex pointer value without leading 0x or 0X[m[1m[31m\n[m[1m[35m"[m);
    }
    [1m[33melse[m {[29;7H[1m[32mbool[m isOk = (p == &ints[index]);[30;7H[1m[32mint[m val __attribute__((unused)) = *p;[31;7Hprintf([1m[35m"[m[1m[31m%s\n[m[1m[35m"[m, isOk ? [1m[35m"ok"[m : [1m[35m"not ok"[m);[32;7H[1m[33mif[m (isOk) {[33;9HnOk++;[34;9HnRun++;[35;7H}[36;7H[1m[33melse[m {[37;9HnErr++;[38;9HnRun = [1m[35m0[m;[39;7H}
    }
    [1m[32mint[m c = getchar();
    [1m[33mwhile[m (c != [1m[31m'\n'[m && c != [1m[35mEOF[m) { [1m[36m//waste line[m[43;7Hc = getchar();
    }
  }
  printf([1m[35m"# ok = [m[1m[31m%d[m[1m[35m; # errors = [m[1m[31m%d\n[m[1m[35m"[m, nOk, nErr);
  [1m[33mreturn[m [1m[35m0[m;
}
[1m[34m~                                                                                                                                     [50;1H~                                                                                                                                     [51;1H~                                                                                                                                     [52;1H~                                                                                                                                     [53;1H~                                                                                                                                     [54;1H~                                                                                                                                     [55;1H~                                                                                                                                     [56;1H~                                                                                                                                     [57;1H~                                                                                                                                     [58;1H~                                                                                                                                     [59;1H~                                                                                                                                     [60;1H~                                                                                                                                     [61;1H~                                                                                                                                     [62;1H~                                                                                                                                     [63;1H~                                                                                                                                     [64;1H~                                                                                                                                     [65;1H~                                                                                                                                     [66;1H~                                                                                                                                     [67;1H~                                                                                                                                     [68;1H~                                                                                                                                     [69;1H~                                                                                                                                     [70;1H~                                                                                                                                     [m[71;117H1,1[11CAll"in-pointers.c" 48L, 1281C[1;1H[?25h[?25l[71;107H:[1;1H[71;1H[K[71;1H:[?2004h[?25hq[?25l[?25h[?25l[71;2H[K[71;2H[?25hw[?25l[?25hq[?25l[?25h[?25l[?1006l[?1002l[?2004l"in-pointers.c" 48L, 1281C written[23;2t[23;1t[22;2t[22;1t[23;2t[23;1t
[?2004l[?1l>[?25h[?1049l[23;0;0trgeary1@remote02:~/i220a/submit/lab4/exercises/2-in-pointers$ make ../Makefile 
make: Nothing to be done for '../Makefile'.
rgeary1@remote02:~/i220a/submit/lab4/exercises/2-in-pointers$ make ../Makefile [1@-[1@f[1@ 
gcc  -g -Wall -Wextra -Wno-unused-parameter -std=c11 -lm  in-pointers.c   -o in-pointers
rgeary1@remote02:~/i220a/submit/lab4/exercises/2-in-pointers$ ./poin[K[K[K[Kin-pointers 
Given the base address of an int[] array you need to
provide the address of a specified element.
An int occupies 4 bytes.

Please provide addresses in hex without any leading 0x
You will need 3 correct responses in succession in order
to complete this exercise.
base of ints[] is at 0x7fff5c9efab0
enter pointer to ints[3]: 7fff5c9efabc
ok
base of ints[] is at 0x7fff5c9efab0
enter pointer to ints[1]: 7fff5c9efabc
not ok
base of ints[] is at 0x7fff5c9efab0
enter pointer to ints[2]: 7ff5c9efab8
Segmentation fault
rgeary1@remote02:~/i220a/submit/lab4/exercises/2-in-pointers$ ./in-pointers [6@make -f ../Makefile[C[6P./in-pointers[C
Given the base address of an int[] array you need to
provide the address of a specified element.
An int occupies 4 bytes.

Please provide addresses in hex without any leading 0x
You will need 3 correct responses in succession in order
to complete this exercise.
base of ints[] is at 0x7ffc77a01db0
enter pointer to ints[3]: 7fff5c      ^C
rgeary1@remote02:~/i220a/submit/lab4/exercises/2-in-pointers$ ./in-pointers 
Given the base address of an int[] array you need to
provide the address of a specified element.
An int occupies 4 bytes.

Please provide addresses in hex without any leading 0x
You will need 3 correct responses in succession in order
to complete this exercise.
base of ints[] is at 0x7ffe3d1ed110
enter pointer to ints[3]: 7ffe3d1ed11d
not ok
base of ints[] is at 0x7ffe3d1ed110
enter pointer to ints[1]: 7ffe3d1e114^[[D^[[D        
Segmentation fault
rgeary1@remote02:~/i220a/submit/lab4/exercises/2-in-pointers$ ./in-pointers 
Given the base address of an int[] array you need to
provide the address of a specified element.
An int occupies 4 bytes.

Please provide addresses in hex without any leading 0x
You will need 3 correct responses in succession in order
to complete this exercise.
base of ints[] is at 0x7ffc1d91bf40
enter pointer to ints[3]: 7ffc1d91bf4c
ok
base of ints[] is at 0x7ffc1d91bf40
enter pointer to ints[1]: 7ffc1d91bf44
ok
base of ints[] is at 0x7ffc1d91bf40
enter pointer to ints[2]: 744c1d91bf48
Segmentation fault
rgeary1@remote02:~/i220a/submit/lab4/exercises/2-in-pointers$ cd ../3-bad-types/
rgeary1@remote02:~/i220a/submit/lab4/exercises/3-bad-types$ vim bad-types.c 
[?1000h[?2004h[?1049h[22;0;0t[?1h=[?2004h[1;71r[?12h[?12l[22;2t[22;1t[27m[23m[29m[m[H[2J[?25l[71;1H"bad-types.c" 18L, 521C[2;1Hâ–½[6n[2;1H  [1;1H[>c]10;?]11;?[1;1H[35m#include [m[31m<stdio.h>[m

[32mint[m main() {
  [32mchar[m cs[] = { [31m'a'[m, [31m'b'[m, [31m'c'[m, [31m'd'[m, [31m'e'[m };
  [32mint[m ints[] = { [31m1[m, [31m2[m, [31m3[m, [31m4[m, [31m5[m };
  [32mchar[m *cp = ints;  [34m//expect warning[m
  [32mint[m *ip = cs;     [34m//expect warning[m
  [33mfor[m ([32munsigned[m i = [31m0[m; i < [33msizeof[m(cs)/[33msizeof[m(cs[[31m0[m]); i++) {
    printf([31m"char pointer cp = [m[35m%p[m[31m, pointing at char '[m[35m%c[m[31m' (0x[m[35m%x[m[31m)[m[35m\n[m[31m"[m,[10;12Hcp, *cp, *cp);
    cp++;
  }
  [33mfor[m ([32munsigned[m i = [31m0[m; i < [33msizeof[m(ints)/[33msizeof[m(ints[[31m0[m]); i++) {
    printf([31m"int pointer ip = [m[35m%p[m[31m, pointing at int [m[35m%d[m[31m (0x[m[35m%x[m[31m)[m[35m\n[m[31m"[m, ip, *ip, *ip);
    ip++;
  }
  [33mreturn[m [31m0[m;
}
[1m[34m~                                                                                                                                     [20;1H~                                                                                                                                     [21;1H~                                                                                                                                     [22;1H~                                                                                                                                     [23;1H~                                                                                                                                     [24;1H~                                                                                                                                     [25;1H~                                                                                                                                     [26;1H~                                                                                                                                     [27;1H~                                                                                                                                     [28;1H~                                                                                                                                     [29;1H~                                                                                                                                     [30;1H~                                                                                                                                     [31;1H~                                                                                                                                     [32;1H~                                                                                                                                     [33;1H~                                                                                                                                     [34;1H~                                                                                                                                     [35;1H~                                                                                                                                     [36;1H~                                                                                                                                     [37;1H~                                                                                                                                     [38;1H~                                                                                                                                     [39;1H~                                                                                                                                     [40;1H~                                                                                                                                     [41;1H~                                                                                                                                     [42;1H~                                                                                                                                     [43;1H~                                                                                                                                     [44;1H~                                                                                                                                     [45;1H~                                                                                                                                     [46;1H~                                                                                                                                     [47;1H~                                                                                                                                     [48;1H~                                                                                                                                     [49;1H~                                                                                                                                     [50;1H~                                                                                                                                     [51;1H~                                                                                                                                     [52;1H~                                                                                                                                     [53;1H~                                                                                                                                     [54;1H~                                                                                                                                     [55;1H~                                                                                                                                     [56;1H~                                                                                                                                     [57;1H~                                                                                                                                     [58;1H~                                                                                                                                     [59;1H~                                                                                                                                     [60;1H~                                                                                                                                     [61;1H~                                                                                                                                     [62;1H~                                                                                                                                     [63;1H~                                                                                                                                     [64;1H~                                                                                                                                     [65;1H~                                                                                                                                     [66;1H~                                                                                                                                     [67;1H~                                                                                                                                     [68;1H~                                                                                                                                     [69;1H~                                                                                                                                     [70;1H~                                                                                                                                     [m[71;117H1,1[11CAll[1;1H[?25h[?1000l[?1006h[?1002h[?1006l[?1002l[?1006h[?1002h[27m[23m[29m[m[H[2J[?25l[1;1H[1m[34m#include [m[1m[35m<stdio.h>[m

[1m[32mint[m main() {
  [1m[32mchar[m cs[] = { [1m[35m'a'[m, [1m[35m'b'[m, [1m[35m'c'[m, [1m[35m'd'[m, [1m[35m'e'[m };
  [1m[32mint[m ints[] = { [1m[35m1[m, [1m[35m2[m, [1m[35m3[m, [1m[35m4[m, [1m[35m5[m };
  [1m[32mchar[m *cp = ints;  [1m[36m//expect warning[m
  [1m[32mint[m *ip = cs;     [1m[36m//expect warning[m
  [1m[33mfor[m ([1m[32munsigned[m i = [1m[35m0[m; i < [1m[33msizeof[m(cs)/[1m[33msizeof[m(cs[[1m[35m0[m]); i++) {
    printf([1m[35m"char pointer cp = [m[1m[31m%p[m[1m[35m, pointing at char '[m[1m[31m%c[m[1m[35m' (0x[m[1m[31m%x[m[1m[35m)[m[1m[31m\n[m[1m[35m"[m,[10;12Hcp, *cp, *cp);
    cp++;
  }
  [1m[33mfor[m ([1m[32munsigned[m i = [1m[35m0[m; i < [1m[33msizeof[m(ints)/[1m[33msizeof[m(ints[[1m[35m0[m]); i++) {
    printf([1m[35m"int pointer ip = [m[1m[31m%p[m[1m[35m, pointing at int [m[1m[31m%d[m[1m[35m (0x[m[1m[31m%x[m[1m[35m)[m[1m[31m\n[m[1m[35m"[m, ip, *ip, *ip);
    ip++;
  }
  [1m[33mreturn[m [1m[35m0[m;
}
[1m[34m~                                                                                                                                     [20;1H~                                                                                                                                     [21;1H~                                                                                                                                     [22;1H~                                                                                                                                     [23;1H~                                                                                                                                     [24;1H~                                                                                                                                     [25;1H~                                                                                                                                     [26;1H~                                                                                                                                     [27;1H~                                                                                                                                     [28;1H~                                                                                                                                     [29;1H~                                                                                                                                     [30;1H~                                                                                                                                     [31;1H~                                                                                                                                     [32;1H~                                                                                                                                     [33;1H~                                                                                                                                     [34;1H~                                                                                                                                     [35;1H~                                                                                                                                     [36;1H~                                                                                                                                     [37;1H~                                                                                                                                     [38;1H~                                                                                                                                     [39;1H~                                                                                                                                     [40;1H~                                                                                                                                     [41;1H~                                                                                                                                     [42;1H~                                                                                                                                     [43;1H~                                                                                                                                     [44;1H~                                                                                                                                     [45;1H~                                                                                                                                     [46;1H~                                                                                                                                     [47;1H~                                                                                                                                     [48;1H~                                                                                                                                     [49;1H~                                                                                                                                     [50;1H~                                                                                                                                     [51;1H~                                                                                                                                     [52;1H~                                                                                                                                     [53;1H~                                                                                                                                     [54;1H~                                                                                                                                     [55;1H~                                                                                                                                     [56;1H~                                                                                                                                     [57;1H~                                                                                                                                     [58;1H~                                                                                                                                     [59;1H~                                                                                                                                     [60;1H~                                                                                                                                     [61;1H~                                                                                                                                     [62;1H~                                                                                                                                     [63;1H~                                                                                                                                     [64;1H~                                                                                                                                     [65;1H~                                                                                                                                     [66;1H~                                                                                                                                     [67;1H~                                                                                                                                     [68;1H~                                                                                                                                     [69;1H~                                                                                                                                     [70;1H~                                                                                                                                     [m[71;117H1,1[11CAll"bad-types.c" 18L, 521C[1;1H[?25h[?25l[71;107H^[[1;1H[71;107H  [1;1H[71;107H^[[1;1H[71;107H  [1;1H[?25h[?25l[3;12H[46m{[18;1H}[m[71;118H8,1[18;1H[?25h[?25l[71;107H^[[18;1H[71;107H  [18;1H[71;107H^[[18;1H[71;107H  [18;1H[?25h[?25l[71;107H:[18;1H[71;1H[K[71;1H:[?2004h[?25hw[?25l[?25hq[?25l[?25h[?25l[?1006l[?1002l[?2004l"bad-types.c" 18L, 521C written[23;2t[23;1t[22;2t[22;1t[23;2t[23;1t
[?2004l[?1l>[?25h[?1049l[23;0;0trgeary1@remote02:~/i220a/submit/lab4/exercises/3-bad-types$ vim bad-types.c [Kvim bad-types.c cd ../3-bad-types/[4P./in-pointers [6@make -f ../Makefile[C[3P[C[C[C[C[C[C[C[C[C[C[C[C[3@-f [C[C[C[C[C[C[C[C[C[C[C[C
gcc  -g -Wall -Wextra -Wno-unused-parameter -std=c11 -lm  bad-types.c   -o bad-types
[01m[Kbad-types.c:[m[K In function â€˜[01m[Kmain[m[Kâ€™:
[01m[Kbad-types.c:6:14:[m[K [01;35m[Kwarning: [m[Kinitialization of â€˜[01m[Kchar *[m[Kâ€™ from incompatible pointer type â€˜[01m[Kint *[m[Kâ€™ [[01;35m[K-Wincompatible-pointer-types[m[K]
   char *cp = [01;35m[Kints[m[K;  //expect warning
              [01;35m[K^~~~[m[K
[01m[Kbad-types.c:7:13:[m[K [01;35m[Kwarning: [m[Kinitialization of â€˜[01m[Kint *[m[Kâ€™ from incompatible pointer type â€˜[01m[Kchar *[m[Kâ€™ [[01;35m[K-Wincompatible-pointer-types[m[K]
   int *ip = [01;35m[Kcs[m[K;     //expect warning
             [01;35m[K^~[m[K
rgeary1@remote02:~/i220a/submit/lab4/exercises/3-bad-types$ ./bad-types 
char pointer cp = 0x7ffd243a12e0, pointing at char '' (0x1)
char pointer cp = 0x7ffd243a12e1, pointing at char ' ' (0x0)
char pointer cp = 0x7ffd243a12e2, pointing at char ' ' (0x0)
char pointer cp = 0x7ffd243a12e3, pointing at char ' ' (0x0)
char pointer cp = 0x7ffd243a12e4, pointing at char '' (0x2)
int pointer ip = 0x7ffd243a1303, pointing at int 1684234849 (0x64636261)
int pointer ip = 0x7ffd243a1307, pointing at int 357 (0x165)
int pointer ip = 0x7ffd243a130b, pointing at int 1280 (0x500)
int pointer ip = 0x7ffd243a130f, pointing at int 974327552 (0x3a130f00)
int pointer ip = 0x7ffd243a1313, pointing at int 8387876 (0x7ffd24)
rgeary1@remote02:~/i220a/submit/lab4/exercises/3-bad-types$ cd ..
rgeary1@remote02:~/i220a/submit/lab4/exercises$ cd 4-cast-types/
rgeary1@remote02:~/i220a/submit/lab4/exercises/4-cast-types$ make -f ../Makefile 
gcc  -g -Wall -Wextra -Wno-unused-parameter -std=c11 -lm  cast-types.c   -o cast-types
rgeary1@remote02:~/i220a/submit/lab4/exercises/4-cast-types$ ./cast-types 
char pointer cp = 0x7fffc9563610, pointing at int 1 (0x1)
char pointer cp = 0x7fffc9563614, pointing at int 2 (0x2)
char pointer cp = 0x7fffc9563618, pointing at int 3 (0x3)
char pointer cp = 0x7fffc956361c, pointing at int 4 (0x4)
char pointer cp = 0x7fffc9563620, pointing at int 5 (0x5)
int pointer ip = 0x7fffc9563633, pointing at char 'a' (0x64636261)
int pointer ip = 0x7fffc9563634, pointing at char 'b' (0x65646362)
int pointer ip = 0x7fffc9563635, pointing at char 'c' (0x2656463)
int pointer ip = 0x7fffc9563636, pointing at char 'd' (0x36564)
int pointer ip = 0x7fffc9563637, pointing at char 'e' (0x465)
rgeary1@remote02:~/i220a/submit/lab4/exercises/4-cast-types$ cd ../5-void-pointers/
rgeary1@remote02:~/i220a/submit/lab4/exercises/5-void-pointers$ cd ../5-void-pointers/[9P./cast-types [7@make -f ../Makefile[C[4Pcd 4-cast-types/make -f ../Makefile 
gcc  -g -Wall -Wextra -Wno-unused-parameter -std=c11 -lm  void-pointers.c   -o void-pointers
rgeary1@remote02:~/i220a/submit/lab4/exercises/5-void-pointers$ ./void-pointers 
void pointer p = 0x7fffef8c750b, pointing at char a
void pointer p = 0x7fffef8c750c, pointing at char b
void pointer p = 0x7fffef8c750d, pointing at char c
void pointer p = 0x7fffef8c750e, pointing at char d
void pointer p = 0x7fffef8c750f, pointing at char e
void pointer p = 0x7fffef8c74f0, pointing at int 1
void pointer p = 0x7fffef8c74f4, pointing at int 2
void pointer p = 0x7fffef8c74f8, pointing at int 3
void pointer p = 0x7fffef8c74fc, pointing at int 4
void pointer p = 0x7fffef8c7500, pointing at int 5
rgeary1@remote02:~/i220a/submit/lab4/exercises/5-void-pointers$ cd ../6-in-voids/
rgeary1@remote02:~/i220a/submit/lab4/exercises/6-in-voids$ ./5[K6[K[K[Kcd ../6-in-voids/[1P./void-pointers [4@make -f ../Makefile[C
gcc  -g -Wall -Wextra -Wno-unused-parameter -std=c11 -lm  in-voids.c   -o in-voids
rgeary1@remote02:~/i220a/submit/lab4/exercises/6-in-voids$ ./in-voids 
chars[] is at 0x7fff330383cb; ints[] ints at 0x7fff330383b0
enter pointer to ints[2]: 7fff330383b0  4 b4
not ok
chars[] is at 0x7fff330383cb; ints[] ints at 0x7fff330383b0
enter pointer to ints[2]: 7ff330383b8
not ok
chars[] is at 0x7fff330383cb; ints[] ints at 0x7fff330383b0
enter pointer to ints[2]: ^[[A    7fff440484b8
not ok
chars[] is at 0x7fff330383cb; ints[] ints at 0x7fff330383b0
enter pointer to ints[2]: 7fff330383b8
ok
chars[] is at 0x7fff330383cb; ints[] ints at 0x7fff330383b0
enter pointer to chars[3]: ^C
rgeary1@remote02:~/i220a/submit/lab4/exercises/6-in-voids$ ./in-voids [9@make -f ../Makefile[C[9P./in-voids[C
chars[] is at 0x7ffe7089015b; ints[] ints at 0x7ffe70890140
enter pointer to ints[2]: 7ffe70890148
ok
chars[] is at 0x7ffe7089015b; ints[] ints at 0x7ffe70890140
enter pointer to chars[3]: 7ffe70890143
not ok
chars[] is at 0x7ffe7089015b; ints[] ints at 0x7ffe70890140
enter pointer to chars[3]: 7ffe70890143
not ok
chars[] is at 0x7ffe7089015b; ints[] ints at 0x7ffe70890140
enter pointer to chars[3]: 7ffe7089014c
not ok
chars[] is at 0x7ffe7089015b; ints[] ints at 0x7ffe70890140
enter pointer to chars[3]: 7ffe7089015f
not ok
chars[] is at 0x7ffe7089015b; ints[] ints at 0x7ffe70890140
enter pointer to chars[3]: 7ffe7089015e
ok
chars[] is at 0x7ffe7089015b; ints[] ints at 0x7ffe70890140
enter pointer to ints[4]: 7ffe70890150
ok
chars[] is at 0x7ffe7089015b; ints[] ints at 0x7ffe70890140
enter pointer to chars[1]: 7ffe7089015c
ok
chars[] is at 0x7ffe7089015b; ints[] ints at 0x7ffe70890140
enter pointer to chars[4]: 7ffe7089017 60
not ok
chars[] is at 0x7ffe7089015b; ints[] ints at 0x7ffe70890140
enter pointer to chars[4]: 7ffe7089015f
ok
chars[] is at 0x7ffe7089015b; ints[] ints at 0x7ffe70890140
enter pointer to ints[1]: 77 ffe70890144
ok
rgeary1@remote02:~/i220a/submit/lab4/exercises/6-in-voids$ exit

Script done on 2020-09-23 22:15:14-04:00 [COMMAND_EXIT_CODE="0"]
