Script started on 2020-09-02 21:48:10-04:00 [TERM="xterm" TTY="/dev/pts/3" COLUMNS="93" LINES="51"]
bash: /home/umrigar/cs240/bin/student.rc: No such file or directory
rgeary1@remote06:~/i220a/submit/lab1$ cd exercises/lab[K[K[K3-multifile/
rgeary1@remote06:~/i220a/submit/lab1/exercises/3-multifile$ ls
main.c	main.o	Makefile  quadr  quadr.c  quadr.h  quadr.o  README  test.data
rgeary1@remote06:~/i220a/submit/lab1/exercises/3-multifile$ touch quadr.c
rgeary1@remote06:~/i220a/submit/lab1/exercises/3-multifile$ ls -l
total 64
-rw-r----- 1 rgeary1 rgeary1  1224 Sep  2 17:09 main.c
-rw-r----- 1 rgeary1 rgeary1  8616 Sep  2 19:07 main.o
-rw-r----- 1 rgeary1 rgeary1   179 Sep  2 19:11 Makefile
-rwxr-x--- 1 rgeary1 rgeary1 20992 Sep  2 19:11 quadr
-rw-r----- 1 rgeary1 rgeary1   270 Sep  2 21:49 quadr.c
-rw-r----- 1 rgeary1 rgeary1   155 Sep  2 17:09 quadr.h
-rw-r----- 1 rgeary1 rgeary1  4000 Sep  2 19:07 quadr.o
-rw-r----- 1 rgeary1 rgeary1   129 Sep  2 19:07 README
-rw-r----- 1 rgeary1 rgeary1    28 Sep  2 17:09 test.data
rgeary1@remote06:~/i220a/submit/lab1/exercises/3-multifile$ make
cc -g -Wall -std=c11   -c -o quadr.o quadr.c
cc quadr.o main.o  -lm -o  quadr
rgeary1@remote06:~/i220a/submit/lab1/exercises/3-multifile$ makels -ltouch quadr.c[Kh
rgeary1@remote06:~/i220a/submit/lab1/exercises/3-multifile$ touch quadr.hmake[Kls -l
total 64
-rw-r----- 1 rgeary1 rgeary1  1224 Sep  2 17:09 main.c
-rw-r----- 1 rgeary1 rgeary1  8616 Sep  2 19:07 main.o
-rw-r----- 1 rgeary1 rgeary1   179 Sep  2 19:11 Makefile
-rwxr-x--- 1 rgeary1 rgeary1 20992 Sep  2 21:49 quadr
-rw-r----- 1 rgeary1 rgeary1   270 Sep  2 21:49 quadr.c
-rw-r----- 1 rgeary1 rgeary1   155 Sep  2 21:50 quadr.h
-rw-r----- 1 rgeary1 rgeary1  4000 Sep  2 21:49 quadr.o
-rw-r----- 1 rgeary1 rgeary1   129 Sep  2 19:07 README
-rw-r----- 1 rgeary1 rgeary1    28 Sep  2 17:09 test.data
rgeary1@remote06:~/i220a/submit/lab1/exercises/3-multifile$ make
make: 'quadr' is up to date.
rgeary1@remote06:~/i220a/submit/lab1/exercises/3-multifile$ vim Makefu[Kile
[?1000h[?2004h[?1049h[22;0;0t[?1h=[?2004h[1;51r[?12h[?12l[22;2t[22;1t[27m[23m[29m[m[H[2J[?25l[51;1H"Makefile" 11L, 179C[2;1Hâ–½[6n[2;1H  [1;1H[>c]10;?]11;?[1;1H[36mPROJECT [m= quadr

[36mCFLAGS [m= -g -Wall -std=c11
[36mLDFLAGS [m=  -lm

[36m$(PROJECT):[m     quadr.o main.o
[31m                [m[36m$(CC)[m[31m quadr.o main.o  [m[36m$(LDFLAGS)[m[31m -o  [m[36m$@

clean:[m
[31m                rm -f *.o [m[36m$(PROJECT)[m[31m [m[36m$(PROJECT)[m[31m.tar.gz[m

[1m[34m~                                                                                            [13;1H~                                                                                            [14;1H~                                                                                            [15;1H~                                                                                            [16;1H~                                                                                            [17;1H~                                                                                            [18;1H~                                                                                            [19;1H~                                                                                            [20;1H~                                                                                            [21;1H~                                                                                            [22;1H~                                                                                            [23;1H~                                                                                            [24;1H~                                                                                            [25;1H~                                                                                            [26;1H~                                                                                            [27;1H~                                                                                            [28;1H~                                                                                            [29;1H~                                                                                            [30;1H~                                                                                            [31;1H~                                                                                            [32;1H~                                                                                            [33;1H~                                                                                            [34;1H~                                                                                            [35;1H~                                                                                            [36;1H~                                                                                            [37;1H~                                                                                            [38;1H~                                                                                            [39;1H~                                                                                            [40;1H~                                                                                            [41;1H~                                                                                            [42;1H~                                                                                            [43;1H~                                                                                            [44;1H~                                                                                            [45;1H~                                                                                            [46;1H~                                                                                            [47;1H~                                                                                            [48;1H~                                                                                            [49;1H~                                                                                            [50;1H~                                                                                            [m[51;76H7,37-51[7CAll[7;51H[?25h[?1000l[?1002h[?25l[51;76H8,0-1  [8;1H[?25h[?25l[51;66Hi[8;1H[51;66H [8;1H[51;1H[1m-- INSERT --[m[51;13H[K[51;76H8,1[11CAll[8;1H[?25h[?25l[9;50r[9;1H[L[1;51r[51;76H[K[51;76H9,1[11CAll[9;1H[?25h[?25ld[51;78H2[9;2H[?25h[?25le[51;78H3[9;3H[?25h[?25lp[51;78H4[9;4H[?25h[?25le[51;78H5[9;5H[?25h[?25ln[51;78H6[9;6H[?25h[?25ld[51;78H7[9;7H[?25h[?25l[36mdepend:[m[51;78H8[9;8H[?25h[?25l[36m [m[51;78H9[9;9H[?25h[?25l[9;8H[K[51;78H8[9;8H[?25h[?25l[36m [m[51;78H9[9;9H[?25h[?25l[36m        [m[51;78H10-17[9;17H[?25h[?25l[9;8H         $[51;79H1-18[9;18H[?25h[?25l[36m$([m[51;79H2-19[9;19H[?25h[?25l[36mC[m[51;79H3-20[9;20H[?25h[?25l[36mC[m[51;79H4-21[9;21H[?25h[?25l[36m)[m[36m[46m([2C)[m[51;79H5-22[9;22H[?25h[?25l[36m(CC)[m[51;79H6-23[9;23H[?25h[?25l-[51;79H7-24[9;24H[?25h[?25lM[51;79H8-25[9;25H[?25h[?25lM[51;79H9-26[9;26H[?25h[?25l[51;78H20-27[9;27H[?25h[?25l$[51;79H1-28[9;28H[?25h[?25l[36m$([m[51;79H2-29[9;29H[?25h[?25l[36mC[m[51;79H3-30[9;30H[?25h[?25l[36mP[m[51;79H4-31[9;31H[?25h[?25l[36mP[m[51;79H5-32[9;32H[?25h[?25l[36mF[m[51;79H6-33[9;33H[?25h[?25l[36mL[m[51;79H7-34[9;34H[?25h[?25l[36mA[m[51;79H8-35[9;35H[?25h[?25l[36mG[m[51;79H9-36[9;36H[?25h[?25l[36mS[m[51;78H30-37[9;37H[?25h[?25l[36m)[m[9;28H[36m[46m([8C)[m[51;79H1-38[9;38H[?25h[?25l[9;28H[36m([8C)[m[51;79H2-39[9;39H[?25h[?25l*[51;79H3-40[9;40H[?25h[?25l.[51;79H4-41[9;41H[?25h[?25lc[51;79H5-42[9;42H[?25h[?25l[10;50r[10;1H[L[1;51r[10;1H[31m        [m[51;76H[K[51;76H10,2-9[8CAll[10;9H[?25h[51;1H[K[10;1H[?25l[51;66H^[[10;1H[51;66H  [10;9H[10;1H[K[51;76H10,0-1[8CAll[10;1H[?25h[?25l[51;66H:[10;1H[51;66H[K[51;1H:[?2004h[?25hw[?25l[?25hq[?25l[?25h[?25l[?1002l[?2004l"Makefile" 13L, 215C written[23;2t[23;1t[22;2t[22;1t[23;2t[23;1t
[?2004l[?1l>[?25h[?1049l[23;0;0trgeary1@remote06:~/i220a/submit/lab1/exercises/3-multifile$ make depend
make: *** No rule to make target 'cc', needed by 'depend'.  Stop.
rgeary1@remote06:~/i220a/submit/lab1/exercises/3-multifile$ make dependvim Makefile
[?1000h[?2004h[?1049h[22;0;0t[?1h=[?2004h[1;51r[?12h[?12l[22;2t[22;1t[27m[23m[29m[m[H[2J[?25l[51;1H"Makefile" 13L, 215C[2;1Hâ–½[6n[2;1H  [1;1H[>c]10;?]11;?[1;1H[36mPROJECT [m= quadr

[36mCFLAGS [m= -g -Wall -std=c11
[36mLDFLAGS [m=  -lm

[36m$(PROJECT):[m     quadr.o main.o
[31m                [m[36m$(CC)[m[31m quadr.o main.o  [m[36m$(LDFLAGS)[m[31m -o  [m[36m$@

depend:[9C$(CC)[m -MM [36m$(CPPFLAGS)[m *.c

[36mclean:[m
[31m                rm -f *.o [m[36m$(PROJECT)[m[31m [m[36m$(PROJECT)[m[31m.tar.gz[m

[1m[34m~                                                                                            [15;1H~                                                                                            [16;1H~                                                                                            [17;1H~                                                                                            [18;1H~                                                                                            [19;1H~                                                                                            [20;1H~                                                                                            [21;1H~                                                                                            [22;1H~                                                                                            [23;1H~                                                                                            [24;1H~                                                                                            [25;1H~                                                                                            [26;1H~                                                                                            [27;1H~                                                                                            [28;1H~                                                                                            [29;1H~                                                                                            [30;1H~                                                                                            [31;1H~                                                                                            [32;1H~                                                                                            [33;1H~                                                                                            [34;1H~                                                                                            [35;1H~                                                                                            [36;1H~                                                                                            [37;1H~                                                                                            [38;1H~                                                                                            [39;1H~                                                                                            [40;1H~                                                                                            [41;1H~                                                                                            [42;1H~                                                                                            [43;1H~                                                                                            [44;1H~                                                                                            [45;1H~                                                                                            [46;1H~                                                                                            [47;1H~                                                                                            [48;1H~                                                                                            [49;1H~                                                                                            [50;1H~                                                                                            [m[51;76H10,0-1[8CAll[10;1H[?25h[?1000l[?1002h[?25l[51;76H9,10-17[9;17H[?25h[?25l[51;66H^M[9;17H[51;66H  [10;1H[51;76H10,0-1 [10;1H[?25h[?25l[51;76H9,10-17[9;17H[?25h[?25l[51;66Hi[9;17H[51;66H [9;17H[51;1H[1m-- INSERT --[m[51;13H[K[51;76H9,10-17[7CAll[9;17H[?25h[?25l[10;50r[10;1H[L[1;51r[9;8H[36m         [m[9;17H[K[10;1H[31m        [m[36m$(CC)[m[31m -MM [m[36m$(CPPFLAGS)[m[31m *.c[m[51;76H[K[51;76H10,2-9[8CAll[10;9H[?25h[?25l[31m        [m[36m$(CC)[m[31m -MM [m[36m$(CPPFLAGS)[m[31m *.c[m[51;79H3-17[10;17H[?25h[51;1H[K[10;16H[?25l[51;66H^[[10;16H[51;66H  [10;17H[51;76H10,2-16[7CAll[10;16H[?25h[?25l[51;66H:[10;16H[51;66H[K[51;1H:[?2004h[?25hw[?25l[?25hq[?25l[?25h[?25l[?1002l[?2004l"Makefile" 14L, 218C written[23;2t[23;1t[22;2t[22;1t[23;2t[23;1t
[?2004l[?1l>[?25h[?1049l[23;0;0trgeary1@remote06:~/i220a/submit/lab1/exercises/3-multifile$ vim Makefile[1Pmake depend
cc -MM  *.c
main.o: main.c quadr.h
quadr.o: quadr.c quadr.h
rgeary1@remote06:~/i220a/submit/lab1/exercises/3-multifile$ 
rgeary1@remote06:~/i220a/submit/lab1/exercises/3-multifile$ or a nipple lol[K[K[K[K[K[K[K[K[K[K[K[K[K[K[K'aspEIdhSFBA;IW7DFAP9;WERGNLAIYWR FGAR[K[K[K[K[A[C[C[C[C[C[C[C[C[C[C[C[C[C[C[C[C[C[C[C[C[C[C[C[C[C[C[C[C[C[C[C[C[C[C[C[C[C[C[C[C[C[C[C[C[C[C[C[C[C[C[C[C[C[C[C[C[C[C[C[C[C[C[C[C[C[C[C[C[C[C[C[C[C[C[C[C[C[C[C[C[C[C[C[C[C[C[C[C[C[C[C[C[K
[K[A[C[C[C[C[C[C[C[C[C[C[C[C[C[C[C[C[C[C[C[C[C[C[C[C[C[C[C[C[C[C[C[C[C[C[C[C[C[C[C[C[C[C[C[C[C[C[C[C[C[C[C[C[C[C[C[C[C[C[C[C[C[C[C[C[C[C[C[C[C[C[C[C[C[C[C[C[C[C[C[C[C[C[C[C[C[C[C[C[C[C[C[C[K[K[K[K[K[K[K[K[K[K[K[K[K[K[K[K[K[K[K[K[K[K[K[K[K[K[K[K[K[K[K[KTOUV[KCH [K[K[K[K[K[Ktouch Hannah[K[K[K[K[K[K[K[K[K[K[K[Kvim Makefile
[?1000h[?2004h[?1049h[22;0;0t[?1h=[?2004h[1;51r[?12h[?12l[22;2t[22;1t[27m[23m[29m[m[H[2J[?25l[51;1H"Makefile" 14L, 218C[2;1Hâ–½[6n[2;1H  [1;1H[>c]10;?]11;?[1;1H[36mPROJECT [m= quadr

[36mCFLAGS [m= -g -Wall -std=c11
[36mLDFLAGS [m=  -lm

[36m$(PROJECT):[m     quadr.o main.o
[31m                [m[36m$(CC)[m[31m quadr.o main.o  [m[36m$(LDFLAGS)[m[31m -o  [m[36m$@

depend:         [m
[31m                [m[36m$(CC)[m[31m -MM [m[36m$(CPPFLAGS)[m[31m *.c[m

[36mclean:[m
[31m                rm -f *.o [m[36m$(PROJECT)[m[31m [m[36m$(PROJECT)[m[31m.tar.gz[m

[1m[34m~                                                                                            [16;1H~                                                                                            [17;1H~                                                                                            [18;1H~                                                                                            [19;1H~                                                                                            [20;1H~                                                                                            [21;1H~                                                                                            [22;1H~                                                                                            [23;1H~                                                                                            [24;1H~                                                                                            [25;1H~                                                                                            [26;1H~                                                                                            [27;1H~                                                                                            [28;1H~                                                                                            [29;1H~                                                                                            [30;1H~                                                                                            [31;1H~                                                                                            [32;1H~                                                                                            [33;1H~                                                                                            [34;1H~                                                                                            [35;1H~                                                                                            [36;1H~                                                                                            [37;1H~                                                                                            [38;1H~                                                                                            [39;1H~                                                                                            [40;1H~                                                                                            [41;1H~                                                                                            [42;1H~                                                                                            [43;1H~                                                                                            [44;1H~                                                                                            [45;1H~                                                                                            [46;1H~                                                                                            [47;1H~                                                                                            [48;1H~                                                                                            [49;1H~                                                                                            [50;1H~                                                                                            [m[51;76H10,2-16[7CAll[10;16H[?25h[?1000l[?1002h[?25l[51;80H7-41[10;41H[?25h[?25l[51;66Hi[10;41H[51;66H [10;41H[51;1H[1m-- INSERT --[m[51;13H[K[51;76H10,27-41      All[10;41H[?25h[?25l[51;80H8-42[10;42H[?25h[?25l[11;50r[11;1H[L[1;51r[11;1H[31m                [m[51;76H[K[51;76H11,3-17[7CAll[11;17H[?25h[?25l[12;50r[12;1H[L[1;51r[11;1H[K[51;76H[K[51;76H12,1[10CAll[12;1H[?25h[?25l[34m#[m[51;79H2[12;2H[?25h[?25l[34ma[m[51;79H3[12;3H[?25h[?25l[34mu[m[51;79H4[12;4H[?25h[?25l[34mt[m[51;79H5[12;5H[?25h[?25l[34mo[m[51;79H6[12;6H[?25h[?25l[34mm[m[51;79H7[12;7H[?25h[?25l[34ma[m[51;79H8[12;8H[?25h[?25l[34mt[m[51;79H9[12;9H[?25h[?25l[34mi[m[51;79H10[12;10H[?25h[?25l[34mc[m[51;80H1[12;11H[?25h[?25l[34ma[m[51;80H2[12;12H[?25h[?25l[34ml[m[51;80H3[12;13H[?25h[?25l[34ml[m[51;80H4[12;14H[?25h[?25l[34my[m[51;80H5[12;15H[?25h[?25l[34m [m[51;80H6[12;16H[?25h[?25l[34mg[m[51;80H7[12;17H[?25h[?25l[34me[m[51;80H8[12;18H[?25h[?25l[34mn[m[51;80H9[12;19H[?25h[?25l[34me[m[51;79H20[12;20H[?25h[?25l[34mr[m[51;80H1[12;21H[?25h[?25l[34ma[m[51;80H2[12;22H[?25h[?25l[34mt[m[51;80H3[12;23H[?25h[?25l[34me[m[51;80H4[12;24H[?25h[?25l[34md[m[51;80H5[12;25H[?25h[?25l[34m [m[51;80H6[12;26H[?25h[?25l[34md[m[51;80H7[12;27H[?25h[?25l[34me[m[51;80H8[12;28H[?25h[?25l[34mp[m[51;80H9[12;29H[?25h[?25l[34me[m[51;79H30[12;30H[?25h[?25l[34mn[m[51;80H1[12;31H[?25h[?25l[34md[m[51;80H2[12;32H[?25h[?25l[34me[m[51;80H3[12;33H[?25h[?25l[34mn[m[51;80H4[12;34H[?25h[?25l[34mc[m[51;80H5[12;35H[?25h[?25l[34mi[m[51;80H6[12;36H[?25h[?25l[34me[m[51;80H7[12;37H[?25h[?25l[34ms[m[51;80H8[12;38H[?25h[?25l[34m [m[51;80H9[12;39H[?25h[?25l[34mp[m[51;79H40[12;40H[?25h[?25l[34mr[m[51;80H1[12;41H[?25h[?25l[34mo[m[51;80H2[12;42H[?25h[?25l[34md[m[51;80H3[12;43H[?25h[?25l[34mc[m[51;80H4[12;44H[?25h[?25l[34me[m[51;80H5[12;45H[?25h[?25l[34md[m[51;80H6[12;46H[?25h[?25l[12;45H[K[51;80H5[12;45H[?25h[?25l[12;44H[K[51;80H4[12;44H[?25h[?25l[12;43H[K[51;80H3[12;43H[?25h[?25l[34mu[m[51;80H4[12;44H[?25h[?25l[34mc[m[51;80H5[12;45H[?25h[?25l[34me[m[51;80H6[12;46H[?25h[?25l[34md[m[51;80H7[12;47H[?25h[?25l[34m [m[51;80H8[12;48H[?25h[?25l[34mb[m[51;80H9[12;49H[?25h[?25l[34my[m[51;79H50[12;50H[?25h[?25l[34m [m[51;80H1[12;51H[?25h[?25l[34mm[m[51;80H2[12;52H[?25h[?25l[34ma[m[51;80H3[12;53H[?25h[?25l[34mk[m[51;80H4[12;54H[?25h[?25l[34me[m[51;80H5[12;55H[?25h[?25l[34m [m[51;80H6[12;56H[?25h[?25l[34md[m[51;80H7[12;57H[?25h[?25l[34me[m[51;80H8[12;58H[?25h[?25l[34mp[m[51;80H9[12;59H[?25h[?25l[34me[m[51;79H60[12;60H[?25h[?25l[34mn[m[51;80H1[12;61H[?25h[?25l[34md[m[51;80H2[12;62H[?25h[?25l[34m:[m[51;80H3[12;63H[?25h[?25l[34m [m[51;80H4[12;64H[?25h[?25l[34mm[m[51;80H5[12;65H[?25h[?25l[34ma[m[51;80H6[12;66H[?25h[?25l[34mi[m[51;80H7[12;67H[?25h[?25l[34mn[m[51;80H8[12;68H[?25h[?25l[34m.[m[51;80H9[12;69H[?25h[?25l[34mc[m[51;79H70[12;70H[?25h[?25l[34m [m[51;80H1[12;71H[?25h[?25l[34mq[m[51;80H2[12;72H[?25h[?25l[34mu[m[51;80H3[12;73H[?25h[?25l[34ma[m[51;80H4[12;74H[?25h[?25l[34md[m[51;80H5[12;75H[?25h[?25l[34mr[m[51;80H6[12;76H[?25h[?25l[34m.[m[51;80H7[12;77H[?25h[?25l[34mc[m[51;80H8[12;78H[?25h[?25l[34m [m[51;80H9[12;79H[?25h[?25l[34mq[m[51;79H80[12;80H[?25h[?25l[34mu[m[51;80H1[12;81H[?25h[?25l[34ma[m[51;80H2[12;82H[?25h[?25l[34md[m[51;80H3[12;83H[?25h[?25l[34mr[m[51;80H4[12;84H[?25h[?25l[34m.[m[51;80H5[12;85H[?25h[?25l[34mh[m[51;80H6[12;86H[?25h[51;1H[K[12;85H[?25l[51;66H^[[12;85H[51;66H  [12;86H[51;76H12,85[9CAll[12;85H[?25h[?25l[51;66H:[12;85H[51;66H[K[51;1H:[?2004h[?25hw[?25l[?25hq[?25l[?25h[?25l[?1002l[?2004l"Makefile" 16L, 305C written[23;2t[23;1t[22;2t[22;1t[23;2t[23;1t
[?2004l[?1l>[?25h[?1049l[23;0;0trgeary1@remote06:~/i220a/submit/lab1/exercises/3-multifile$ make
make: 'quadr' is up to date.
rgeary1@remote06:~/i220a/submit/lab1/exercises/3-multifile$ vim Makefile
[?1000h[?2004h[?1049h[22;0;0t[?1h=[?2004h[1;51r[?12h[?12l[22;2t[22;1t[27m[23m[29m[m[H[2J[?25l[51;1H"Makefile" 16L, 305C[2;1Hâ–½[6n[2;1H  [1;1H[>c]10;?]11;?[1;1H[36mPROJECT [m= quadr

[36mCFLAGS [m= -g -Wall -std=c11
[36mLDFLAGS [m=  -lm

[36m$(PROJECT):[m     quadr.o main.o
[31m                [m[36m$(CC)[m[31m quadr.o main.o  [m[36m$(LDFLAGS)[m[31m -o  [m[36m$@

depend:         [m
[31m                [m[36m$(CC)[m[31m -MM [m[36m$(CPPFLAGS)[m[31m *.c[m

[34m#automatically generated dependencies produced by make depend: main.c quadr.c quadr.h[m

[36mclean:[m
[31m                rm -f *.o [m[36m$(PROJECT)[m[31m [m[36m$(PROJECT)[m[31m.tar.gz[m

[1m[34m~                                                                                            [18;1H~                                                                                            [19;1H~                                                                                            [20;1H~                                                                                            [21;1H~                                                                                            [22;1H~                                                                                            [23;1H~                                                                                            [24;1H~                                                                                            [25;1H~                                                                                            [26;1H~                                                                                            [27;1H~                                                                                            [28;1H~                                                                                            [29;1H~                                                                                            [30;1H~                                                                                            [31;1H~                                                                                            [32;1H~                                                                                            [33;1H~                                                                                            [34;1H~                                                                                            [35;1H~                                                                                            [36;1H~                                                                                            [37;1H~                                                                                            [38;1H~                                                                                            [39;1H~                                                                                            [40;1H~                                                                                            [41;1H~                                                                                            [42;1H~                                                                                            [43;1H~                                                                                            [44;1H~                                                                                            [45;1H~                                                                                            [46;1H~                                                                                            [47;1H~                                                                                            [48;1H~                                                                                            [49;1H~                                                                                            [50;1H~                                                                                            [m[51;76H12,85[9CAll[12;85H[?25h[?1000l[?1002h[?25l[51;66Hi[12;85H[51;66H [12;85H[51;1H[1m-- INSERT --[m[51;13H[K[51;76H12,85[9CAll[12;85H[?25h[?25l[34m0h[m[51;80H6[12;86H[?25h[?25l[34mh[m[12;86H[K[51;80H5[12;85H[?25h[?25l[51;80H6[12;86H[?25h[?25l[13;50r[13;1H[L[1;51r[51;76H[K[51;76H13,1[10CAll[13;1H[?25h[?25l[14;50r[14;1H[L[1;51r[51;76H[K[51;76H14,1[10CAll[14;1H[?25h[?25ld[51;79H2[14;2H[?25h[?25li[51;79H3[14;3H[?25h[?25ls[51;79H4[14;4H[?25h[?25lt[51;79H5[14;5H[?25h[?25l[51;79H6[14;6H[?25h[?25l[51;79H5[14;5H[?25h[?25l[36mdist:[m[51;79H6[14;6H[?25h[?25l[36m   [m[51;79H7-9[14;9H[?25h[?25l[36m        [m[51;79H8-17[14;17H[?25h[?25l[14;6H           $[51;79H9-18[14;18H[?25h[?25l[36m$([m[51;79H10-19[14;19H[?25h[?25l[36mP[m[51;80H1-20[14;20H[?25h[?25l[36mR[m[51;80H2-21[14;21H[?25h[?25l[36mO[m[51;80H3-22[14;22H[?25h[?25l[36mJ[m[51;80H4-23[14;23H[?25h[?25l[36mE[m[51;80H5-24[14;24H[?25h[?25l[36mC[m[51;80H6-25[14;25H[?25h[?25l[36mT[m[51;80H7-26[14;26H[?25h[?25l[36m)[m[14;18H[36m[46m([7C)[m[51;80H8-27[14;27H[?25h[?25l.[14;18H[36m([7C)[m[51;80H9-28[14;28H[?25h[?25lt[51;79H20-29[14;29H[?25h[?25la[51;80H1-30[14;30H[?25h[?25lr[51;80H2-31[14;31H[?25h[?25l[51;80H3-32[14;32H[?25h[?25l[51;80H2-31[14;31H[?25h[?25l.[51;80H3-32[14;32H[?25h[?25lg[51;80H4-33[14;33H[?25h[?25lz[51;80H5-34[14;34H[?25h[?25l[51;76H4,15    [4;15H[?25h[?25l[5;50r[5;1H[L[1;51r[51;76H[K[51;76H5,1[11CAll[5;1H[?25h[?25l[51;76H15,25-34[15;34H[?25h[?25l[51;76H5,1     [5;1H[?25h[?25lS[51;78H2[5;2H[?25h[?25lS[51;78H3[5;3H[?25h[?25l[5;2H[K[51;78H2[5;2H[?25h[?25lR[51;78H3[5;3H[?25h[?25lC[51;78H4[5;4H[?25h[?25lF[51;78H5[5;5H[?25h[?25lI[51;78H6[5;6H[?25h[?25l[5;5H[K[51;78H5[5;5H[?25h[?25l[5;4H[K[51;78H4[5;4H[?25h[?25l_[51;78H5[5;5H[?25h[?25lF[51;78H6[5;6H[?25h[?25lI[51;78H7[5;7H[?25h[?25lL[51;78H8[5;8H[?25h[?25lE[51;78H9[5;9H[?25h[?25lS[51;78H10[5;10H[?25h[?25l[51;79H1[5;11H[?25h[?25l[36mSRC_FILES [m=[51;79H2[5;12H[?25h[?25l[51;79H3[5;13H[?25h[?25l$[51;79H4[5;14H[?25h[?25l[36m$([7;12H     quadr.o main.o
                $(CC) quadr.o main.o  [10C -o  


                $(CC) -MM [11C *.c

#automatically generated dependencies produced by make depend: main.c quadr.c quadr.h[15;6H           [10C.tar.gz


                rm -f *.o [10C [10C.tar.gz[m[51;79H5[5;15H[?25h[?25l[36mP[m[51;79H6[5;16H[?25h[?25l[36mR[m[51;79H7[5;17H[?25h[?25l[36mO[m[51;79H8[5;18H[?25h[?25l[36mJ[m[51;79H9[5;19H[?25h[?25l[36mE[m[51;78H20[5;20H[?25h[?25l[36mC[m[51;79H1[5;21H[?25h[?25l[36mT[m[51;79H2[5;22H[?25h[?25l[36m)[m[7;12H     quadr.o main.o
[31m                [5C quadr.o main.o  [10C -o  


                [5C -MM [11C *.c[m

[34m#automatically generated dependencies produced by make depend: main.c quadr.c quadr.h[m[15;6H           [10C.tar.gz


[31m                rm -f *.o [10C [10C.tar.gz[m[5;14H[36m[46m([7C)[m[51;79H3[5;23H[?25h[?25l[5;14H[36m([7C)[m[51;76H15,25-34[15;34H[?25h[?25l[16;50r[16;1H[L[1;51r[16;1H[31m        [m[51;76H[K[51;76H16,2-9[8CAll[16;9H[?25h[?25l[17;50r[17;1H[L[1;51r[16;1H[K[51;76H[K[51;76H17,1[10CAll[17;1H[?25h[?25l$[51;79H2[17;2H[?25h[?25l[36m$(


                rm -f *.o [10C [10C.tar.gz[m[51;79H3[17;3H[?25h[?25l[36mP[m[51;79H4[17;4H[?25h[?25l[36mR[m[51;79H5[17;5H[?25h[?25l[36mO[m[51;79H6[17;6H[?25h[?25l[36mJ[m[51;79H7[17;7H[?25h[?25l[36mE[m[51;79H8[17;8H[?25h[?25l[36mC[m[51;79H9[17;9H[?25h[?25l[36mT[m[51;79H10[17;10H[?25h[?25l[36m)[m


[31m                rm -f *.o [10C [10C.tar.gz[m[17;2H[36m[46m([7C)[m[51;80H1[17;11H[?25h[?25l.[17;2H[36m([7C)[m[51;80H2[17;12H[?25h[?25lt[51;80H3[17;13H[?25h[?25la[51;80H4[17;14H[?25h[?25lr[51;80H5[17;15H[?25h[?25l.[51;80H6[17;16H[?25h[?25lg[51;80H7[17;17H[?25h[?25lz[51;80H8[17;18H[?25h[?25l[17;11H[36m.tar.gz:[m[51;80H9[17;19H[?25h[?25l[36m      [m[51;79H20-25[17;25H[?25h[?25l      $[51;80H1-26[17;26H[?25h[?25l[36m$([m[51;80H2-27[17;27H[?25h[?25l[36mS[m[51;80H3-28[17;28H[?25h[?25l[36mR[m[51;80H4-29[17;29H[?25h[?25l[36mC[m[51;80H5-30[17;30H[?25h[?25l[36m_[m[51;80H6-31[17;31H[?25h[?25l[36mF[m[51;80H7-32[17;32H[?25h[?25l[36mI[m[51;80H8-33[17;33H[?25h[?25l[36mL[m[51;80H9-34[17;34H[?25h[?25l[36mE[m[51;79H30-35[17;35H[?25h[?25l[36mS[m[51;80H1-36[17;36H[?25h[?25l[36m)[m[17;26H[36m[46m([9C)[m[51;80H2-37[17;37H[?25h[?25l[18;50r[18;1H[L[1;51r[18;1H[31m        [m[51;76H[K[51;76H18,2-9[8CAll[17;26H[36m([9C)[18;9H[?25h[?25l[m[31m        [m[51;79H3-17[18;17H[?25h[?25l[31m        [m[51;79H4-25[18;25H[?25h[?25l[31mt[m[51;79H5-26[18;26H[?25h[?25l[31ma[m[51;79H6-27[18;27H[?25h[?25l[31mr[m[51;79H7-28[18;28H[?25h[?25l[31m [m[51;79H8-29[18;29H[?25h[?25l[31m-[m[51;79H9-30[18;30H[?25h[?25l[31mx[m[51;79H10-31[18;31H[?25h[?25l[31mf[m[51;80H1-32[18;32H[?25h[?25l[18;31H[K[51;80H0-31[18;31H[?25h[?25l[18;30H[K[51;79H9-30 [18;30H[?25h[?25l[31mc[m[51;79H10-31[18;31H[?25h[?25l[31mf[m[51;80H1-32[18;32H[?25h[?25l[31m [m[51;80H2-33[18;33H[?25h[?25l[31m$[m[51;80H3-34[18;34H[?25h[?25l[36m$(


                rm -f *.o [10C [10C.tar.gz[m[51;80H4-35[18;35H[?25h[?25l[36mP[m[51;80H5-36[18;36H[?25h[?25l[36mR[m[51;80H6-37[18;37H[?25h[?25l[36mO[m[51;80H7-38[18;38H[?25h[?25l[36mJ[m[51;80H8-39[18;39H[?25h[?25l[36mE[m[51;80H9-40[18;40H[?25h[?25l[36mC[m[51;79H20-41[18;41H[?25h[?25l[36mT[m[51;80H1-42[18;42H[?25h[?25l[36m)[m


[31m                rm -f *.o [10C [10C.tar.gz[m[18;34H[36m[46m([7C)[m[51;80H2-43[18;43H[?25h[?25l[31m.[m[18;34H[36m([7C)[m[51;80H3-44[18;44H[?25h[?25l[31mt[m[51;80H4-45[18;45H[?25h[?25l[31ma[m[51;80H5-46[18;46H[?25h[?25l[31mr[m[51;80H6-47[18;47H[?25h[?25l[31m [m[51;80H7-48[18;48H[?25h[?25l[31m$[m[51;80H8-49[18;49H[?25h[?25l[36m$(


                rm -f *.o [10C [10C.tar.gz[m[51;80H9-50[18;50H[?25h[?25l[36mS[m[51;79H30-51[18;51H[?25h[?25l[36mR[m[51;80H1-52[18;52H[?25h[?25l[36mC[m[51;80H2-53[18;53H[?25h[?25l[36m_[m[51;80H3-54[18;54H[?25h[?25l[36mF[m[51;80H4-55[18;55H[?25h[?25l[36mI[m[51;80H5-56[18;56H[?25h[?25l[36mL[m[51;80H6-57[18;57H[?25h[?25l[36mE[m[51;80H7-58[18;58H[?25h[?25l[36mS[m[51;80H8-59[18;59H[?25h[?25l[36m)[m


[31m                rm -f *.o [10C [10C.tar.gz[m[18;49H[36m[46m([9C)[m[51;80H9-60[18;60H[?25h[?25l[19;50r[19;1H[L[1;51r[19;1H[31m                        [m[51;76H[K[51;76H19,4-25[7CAll[18;49H[36m([9C)[19;25H[?25h[?25l[m[31mg[m[51;79H5-26[19;26H[?25h[?25l[31mz[m[51;79H6-27[19;27H[?25h[?25l[31mi[m[51;79H7-28[19;28H[?25h[?25l[31mp[m[51;79H8-29[19;29H[?25h[?25l[31m [m[51;79H9-30[19;30H[?25h[?25l[31m-[m[51;79H10-31[19;31H[?25h[?25l[31mf[m[51;80H1-32[19;32H[?25h[?25l[31m [m[51;80H2-33[19;33H[?25h[?25l[31m$[m[51;80H3-34[19;34H[?25h[?25l[36m$(


                rm -f *.o [10C [10C.tar.gz[m[51;80H4-35[19;35H[?25h[?25l[36mP[m[51;80H5-36[19;36H[?25h[?25l[36mR[m[51;80H6-37[19;37H[?25h[?25l[36mO[m[51;80H7-38[19;38H[?25h[?25l[36mJ[m[51;80H8-39[19;39H[?25h[?25l[36mE[m[51;80H9-40[19;40H[?25h[?25l[36mC[m[51;79H20-41[19;41H[?25h[?25l[36mT[m[51;80H1-42[19;42H[?25h[?25l[36m)[m


[31m                rm -f *.o [10C [10C.tar.gz[m[19;34H[36m[46m([7C)[m[51;80H2-43[19;43H[?25h[?25l[31m.[m[19;34H[36m([7C)[m[51;80H3-44[19;44H[?25h[?25l[31mt[m[51;80H4-45[19;45H[?25h[?25l[31ma[m[51;80H5-46[19;46H[?25h[?25l[31mr[m[51;80H6-47[19;47H[?25h[51;1H[K[19;46H[?25l[51;66H^[[19;46H[51;66H  [19;47H[51;76H19,25-46      All[19;46H[?25h[?25l[51;66H:[19;46H[51;66H[K[51;1H:[?2004h[?25hw[?25l[?25hq[?25l[?25h[?25l[?1002l[?2004l"Makefile" 23L, 452C written[23;2t[23;1t[22;2t[22;1t[23;2t[23;1t
[?2004l[?1l>[?25h[?1049l[23;0;0trgeary1@remote06:~/i220a/submit/lab1/exercises/3-multifile$ make dist
tar -cf quadr.tar quadr
gzip -f quadr.tar
rgeary1@remote06:~/i220a/submit/lab1/exercises/3-multifile$ mkdir temp
rgeary1@remote06:~/i220a/submit/lab1/exercises/3-multifile$ cd temp
rgeary1@remote06:~/i220a/submit/lab1/exercises/3-multifile/temp$ ls
rgeary1@remote06:~/i220a/submit/lab1/exercises/3-multifile/temp$ tar -z[Kxzf ~/i220a/l[Ksubmit/lab1 /temp[K[K[K[K3-[K[Kexercises/3-multifile/temp
tar (child): /home/rgeary1/i220a/submit/lab1/exercises/3-multifile/temp: Cannot read: Is a directory
tar (child): At beginning of tape, quitting now
tar (child): Error is not recoverable: exiting now

gzip: stdin: unexpected end of file
tar: Child returned status 2
tar: Error is not recoverable: exiting now
rgeary1@remote06:~/i220a/submit/lab1/exercises/3-multifile/temp$ cd ..
rgeary1@remote06:~/i220a/submit/lab1/exercises/3-multifile$ vom[K[Kim Makefile 
[?1000h[?2004h[?1049h[22;0;0t[?1h=[?2004h[1;51r[?12h[?12l[22;2t[22;1t[27m[23m[29m[m[H[2J[?25l[51;1H"Makefile" 23L, 452C[2;1Hâ–½[6n[2;1H  [1;1H[>c]10;?]11;?[1;1H[36mPROJECT [m= quadr

[36mCFLAGS [m= -g -Wall -std=c11
[36mLDFLAGS [m=  -lm
[36mSRC_FILES [m= [36m$(PROJECT)

$(PROJECT):[m     quadr.o main.o
[31m                [m[36m$(CC)[m[31m quadr.o main.o  [m[36m$(LDFLAGS)[m[31m -o  [m[36m$@

depend:         [m
[31m                [m[36m$(CC)[m[31m -MM [m[36m$(CPPFLAGS)[m[31m *.c[m

[34m#automatically generated dependencies produced by make depend: main.c quadr.c quadr.h[m

[36mdist:[11C$(PROJECT)[m.tar.gz

[36m$(PROJECT).tar.gz:[m      [36m$(SRC_FILES)[m
[31m                        tar -cf [m[36m$(PROJECT)[m[31m.tar [m[36m$(SRC_FILES)[m
[31m                        gzip -f [m[36m$(PROJECT)[m[31m.tar[m

[36mclean:[m
[31m                rm -f *.o [m[36m$(PROJECT)[m[31m [m[36m$(PROJECT)[m[31m.tar.gz[m

[1m[34m~                                                                                            [25;1H~                                                                                            [26;1H~                                                                                            [27;1H~                                                                                            [28;1H~                                                                                            [29;1H~                                                                                            [30;1H~                                                                                            [31;1H~                                                                                            [32;1H~                                                                                            [33;1H~                                                                                            [34;1H~                                                                                            [35;1H~                                                                                            [36;1H~                                                                                            [37;1H~                                                                                            [38;1H~                                                                                            [39;1H~                                                                                            [40;1H~                                                                                            [41;1H~                                                                                            [42;1H~                                                                                            [43;1H~                                                                                            [44;1H~                                                                                            [45;1H~                                                                                            [46;1H~                                                                                            [47;1H~                                                                                            [48;1H~                                                                                            [49;1H~                                                                                            [50;1H~                                                                                            [m[51;76H19,25-46      All[19;46H[?25h[?1000l[?1002h[?25l[5;14H[36m[46m([7C)[m[51;76H5,22    [5;22H[?25h[?25l[51;66Hi[5;22H[51;66H [5;22H[51;1H[1m-- INSERT --[m[51;13H[K[51;76H5,22[10CAll[5;22H[?25h[?25l[51;79H3[5;23H[?25h[?25l[5;22H[K[7;12H[36m     quadr.o main.o
                $(CC) quadr.o main.o  [10C -o  


                $(CC) -MM [11C *.c

#automatically generated dependencies produced by make depend: main.c quadr.c quadr.h[15;6H           [10C.tar.gz[17;19H      
                        tar -cf [10C.tar 
                        gzip -f [10C.tar


                rm -f *.o [10C [10C.tar.gz[5;14H([m[51;79H2[5;22H[?25h[?25l[5;21H[K[51;79H1[5;21H[?25h[?25l[5;20H[K[51;79H0[5;20H[?25h[?25l[5;19H[K[51;78H19[5;19H[?25h[?25l[5;18H[K[51;79H8[5;18H[?25h[?25l[5;17H[K[51;79H7[5;17H[?25h[?25l[5;16H[K[51;79H6[5;16H[?25h[?25l[5;15H[K[51;79H5[5;15H[?25h[?25l$[5;14H[K[7;12H     quadr.o main.o
[31m                [5C quadr.o main.o  [10C -o  


                [5C -MM [11C *.c[m

[34m#automatically generated dependencies produced by make depend: main.c quadr.c quadr.h[m[15;6H           [10C.tar.gz[17;19H      
[31m                        tar -cf [10C.tar 
                        gzip -f [10C.tar


                rm -f *.o [10C [10C.tar.gz[m[51;79H4[5;14H[?25h[?25l[5;13H[K[51;79H3[5;13H[?25h[?25lm[51;79H4[5;14H[?25h[?25la[51;79H5[5;15H[?25h[?25li[51;79H6[5;16H[?25h[?25ln[51;79H7[5;17H[?25h[?25l.[51;79H8[5;18H[?25h[?25lc[51;79H9[5;19H[?25h[?25l[51;78H20[5;20H[?25h[?25lq[51;79H1[5;21H[?25h[?25lu[51;79H2[5;22H[?25h[?25la[51;79H3[5;23H[?25h[?25ld[51;79H4[5;24H[?25h[?25lr[51;79H5[5;25H[?25h[?25l.[51;79H6[5;26H[?25h[?25lc[51;79H7[5;27H[?25h[?25l[51;79H8[5;28H[?25h[?25lq[51;79H9[5;29H[?25h[?25lu[51;78H30[5;30H[?25h[?25la[51;79H1[5;31H[?25h[?25ld[51;79H2[5;32H[?25h[?25lr[51;79H3[5;33H[?25h[?25l.[51;79H4[5;34H[?25h[?25lh[51;79H5[5;35H[?25h[51;1H[K[5;34H[?25l[51;66H^[[5;34H[51;66H  [5;35H[51;76H5,34[10CAll[5;34H[?25h[?25l[51;66H:[5;34H[51;66H[K[51;1H:[?2004h[?25hw[?25l[?25h[?25l"Makefile" 23L, 464C written[5;34H[51;76H5,34[10CAll[51;76H[K[51;76H5,34[10CAll[5;34H[?25h[?25l[51;66H:[5;34H[51;1H[K[51;1H:[?2004h[?25hq[?25l[?25h[?25l[51;2H[K[51;2H[?25hw[?25l[?25hq[?25l[?25h[?25l[?1002l[?2004l"Makefile" 23L, 464C written[23;2t[23;1t[22;2t[22;1t[23;2t[23;1t
[?2004l[?1l>[?25h[?1049l[23;0;0trgeary1@remote06:~/i220a/submit/lab1/exercises/3-multifile$ vim Makefile [8Pcd ..tar -xzf ~/i220a/submit/lab1/exercises/3-multifile/temp[A[C[C[C[C[C[C[C[C[C[C[C[C[C[C[C[C[C[C[C[C[C[C[C[C[C[C[C[C[C[C[C[C[C[C[C[C[C[Cls[K
[K[A[C[C[C[C[C[C[C[C[C[C[C[C[C[C[C[C[C[C[C[C[C[C[C[C[C[C[C[C[C[C[C[C[C[C[C[C[C[C[C[C[C[C[C[C[C[C[C[C[C[C[C[C[C[C[C[C[C[C[C[C[C[Ccd temp
rgeary1@remote06:~/i220a/submit/lab1/exercises/3-multifile/temp$ cd tempvim Makefile [8Pcd ..tar -xzf ~/i220a/submit/lab1/exercises/3-multifile/temp[A[C[C[C[C[C[C[C[C[C[C[C[C[C[C[C[C[C[C[C[C[C[C[C[C[C[C[C[C[C[C[C[C[C[C[C[C[C[Cls[K
[K[A[C[C[C[C[C[C[C[C[C[C[C[C[C[C[C[C[C[C[C[C[C[C[C[C[C[C[C[C[C[C[C[C[C[C[C[C[C[C[C[C[C[C[C[C[C[C[C[C[C[C[C[C[C[C[C[C[C[C[C[C[C[C[C[C[C[C[Ctar -xzf ~/i220a/submit/lab1/exercises/3-multifile/temp
tar (child): /home/rgeary1/i220a/submit/lab1/exercises/3-multifile/temp: Cannot read: Is a directory
tar (child): At beginning of tape, quitting now
tar (child): Error is not recoverable: exiting now

gzip: stdin: unexpected end of file
tar: Child returned status 2
tar: Error is not recoverable: exiting now
rgeary1@remote06:~/i220a/submit/lab1/exercises/3-multifile/temp$ tar -xzf ~/i220a/submit/lab1/exercises/3-multifile/temp[A[C[C[C[C[C[C[C[C[C[C[C[C[C[C[C[C[C[C[C[C[C[C[C[C[C[C[C[C[C[C[C[C[C[C[C[C[C[Ccd temp[K
[K[A[C[C[C[C[C[C[C[C[C[C[C[C[C[C[C[C[C[C[C[C[C[C[C[C[C[C[C[C[C[C[C[C[C[C[C[C[C[C[C[C[C[C[C[C[C[C[C[C[C[C[C[C[C[C[C[C[C[C[C[C[C[C[C[C[C[C[C[C[C[C[C[Cvim Makefile [6Pcd temp[K[K[K[K..
rgeary1@remote06:~/i220a/submit/lab1/exercises/3-multifile$ make dist
make: Nothing to be done for 'dist'.
rgeary1@remote06:~/i220a/submit/lab1/exercises/3-multifile$ vim Makefile 
[?1000h[?2004h[?1049h[22;0;0t[?1h=[?2004h[1;51r[?12h[?12l[22;2t[22;1t[27m[23m[29m[m[H[2J[?25l[51;1H"Makefile" 23L, 464C[2;1Hâ–½[6n[2;1H  [1;1H[>c]10;?]11;?[1;1H[36mPROJECT [m= quadr

[36mCFLAGS [m= -g -Wall -std=c11
[36mLDFLAGS [m=  -lm
[36mSRC_FILES [m= main.c quadr.c quadr.h

[36m$(PROJECT):[m     quadr.o main.o
[31m                [m[36m$(CC)[m[31m quadr.o main.o  [m[36m$(LDFLAGS)[m[31m -o  [m[36m$@

depend:         [m
[31m                [m[36m$(CC)[m[31m -MM [m[36m$(CPPFLAGS)[m[31m *.c[m

[34m#automatically generated dependencies produced by make depend: main.c quadr.c quadr.h[m

[36mdist:[11C$(PROJECT)[m.tar.gz

[36m$(PROJECT).tar.gz:[m      [36m$(SRC_FILES)[m
[31m                        tar -cf [m[36m$(PROJECT)[m[31m.tar [m[36m$(SRC_FILES)[m
[31m                        gzip -f [m[36m$(PROJECT)[m[31m.tar[m

[36mclean:[m
[31m                rm -f *.o [m[36m$(PROJECT)[m[31m [m[36m$(PROJECT)[m[31m.tar.gz[m

[1m[34m~                                                                                            [25;1H~                                                                                            [26;1H~                                                                                            [27;1H~                                                                                            [28;1H~                                                                                            [29;1H~                                                                                            [30;1H~                                                                                            [31;1H~                                                                                            [32;1H~                                                                                            [33;1H~                                                                                            [34;1H~                                                                                            [35;1H~                                                                                            [36;1H~                                                                                            [37;1H~                                                                                            [38;1H~                                                                                            [39;1H~                                                                                            [40;1H~                                                                                            [41;1H~                                                                                            [42;1H~                                                                                            [43;1H~                                                                                            [44;1H~                                                                                            [45;1H~                                                                                            [46;1H~                                                                                            [47;1H~                                                                                            [48;1H~                                                                                            [49;1H~                                                                                            [50;1H~                                                                                            [m[51;76H5,34[10CAll[5;34H[?25h[?1000l[?1002h[?25l[51;66H^I[5;34H[51;66H  [5;34H[?25h[?25l[51;76H16,0-1[16;1H[?25h[?25l[51;77H1,27-41[11;41H[?25h[?25l[51;66Hi[11;41H[51;66H [11;41H[51;1H[1m-- INSERT --[m[51;13H[K[51;76H11,27-41      All[11;41H[?25h[?25l[51;80H8-42[11;42H[?25h[?25l[11;41H[K[51;80H7-41[11;41H[?25h[?25l[11;40H[K[51;80H6-40[11;40H[?25h[?25l[11;39H[K[51;80H5-39[11;39H[?25h[?25l[11;38H[K[11;28H[36m[46m([8C)[m[51;80H4-38[11;38H[?25h[?25l[11;37H[K[13;1H[36m#automatically generated dependencies produced by make depend: main.c quadr.c quadr.h[15;6H           [10C.tar.gz[17;19H      
                        tar -cf [10C.tar 
                        gzip -f [10C.tar


                rm -f *.o [10C [10C.tar.gz[11;28H([m[51;80H3-37[11;37H[?25h[?25l[11;36H[K[51;80H2-36[11;36H[?25h[?25l[11;35H[K[51;80H1-35[11;35H[?25h[?25l[11;34H[K[51;80H0-34[11;34H[?25h[?25l[11;33H[K[51;79H19-33[11;33H[?25h[?25l[11;32H[K[51;80H8-32[11;32H[?25h[?25l[11;31H[K[51;80H7-31[11;31H[?25h[?25l[11;30H[K[51;80H6-30[11;30H[?25h[?25l[11;29H[K[51;80H5-29[11;29H[?25h[?25l[31m$[m[11;28H[K[13;1H[34m#automatically generated dependencies produced by make depend: main.c quadr.c quadr.h[m[15;6H           [10C.tar.gz[17;19H      
[31m                        tar -cf [10C.tar 
                        gzip -f [10C.tar


                rm -f *.o [10C [10C.tar.gz[m[51;80H4-28[11;28H[?25h[?25l[11;27H[K[51;80H3-27[11;27H[?25h[?25l[11;26H[K[51;80H2-26[11;26H[?25h[?25l[11;25H[K[51;80H1-25[11;25H[?25h[?25l[11;24H[K[51;80H0-24[11;24H[?25h[?25l[11;23H[K[51;79H9-23 [11;23H[?25h[?25l[11;22H[K[11;18H[36m[46m([2C)[m[51;79H8-22[11;22H[?25h[?25l[11;21H[K[13;1H[36m#automatically generated dependencies produced by make depend: main.c quadr.c quadr.h[15;6H           [10C.tar.gz[17;19H      
                        tar -cf [10C.tar 
                        gzip -f [10C.tar


                rm -f *.o [10C [10C.tar.gz[11;18H([m[51;79H7-21[11;21H[?25h[?25l[11;20H[K[51;79H6-20[11;20H[?25h[?25l[11;19H[K[51;79H5-19[11;19H[?25h[?25l[31m$[m[11;18H[K[13;1H[34m#automatically generated dependencies produced by make depend: main.c quadr.c quadr.h[m[15;6H           [10C.tar.gz[17;19H      
[31m                        tar -cf [10C.tar 
                        gzip -f [10C.tar


                rm -f *.o [10C [10C.tar.gz[m[51;79H4-18[11;18H[?25h[?25l[11;17H[K[51;79H3-17[11;17H[?25h[?25l[11;9H[K[51;79H2-9 [11;9H[?25h[?25l[11;1H[K[51;79H1  [11;1H[?25h[?25l[10;50r[50;1H
[1;51r[10;1H[36mdepend:         [m[50;1H[1m[34m~                                                                                            [m[51;76H[K[51;76H10,10-17      All[10;17H[?25h[?25l[10;9H[K[51;79H9    [10;9H[?25h[?25l[10;8H[K[51;79H8[10;8H[?25h[?25ldepend[10;7H[K[51;79H7[10;7H[?25h[?25l[10;6H[K[51;79H6[10;6H[?25h[?25l[10;5H[K[51;79H5[10;5H[?25h[?25l[10;4H[K[51;79H4[10;4H[?25h[?25l[10;3H[K[51;79H3[10;3H[?25h[?25l[10;2H[K[51;79H2[10;2H[?25h[?25l[10;1H[K[51;79H1[10;1H[?25h[?25l[51;76H21,41-55[21;55H[?25h[?25l[22;50r[22;1H[L[1;51r[22;1H[31m                [m[51;76H[K[51;76H22,3-17[7CAll[22;17H[?25h[?25l[23;50r[23;1H[L[1;51r[22;1H[K[51;76H[K[51;76H23,1[10CAll[23;1H[?25h[?25ld[51;79H2[23;2H[?25h[?25le[51;79H3[23;3H[?25h[?25lp[51;79H4[23;4H[?25h[?25le[51;79H5[23;5H[?25h[?25ln[51;79H6[23;6H[?25h[?25ld[51;79H7[23;7H[?25h[?25l[36mdepend:[m[51;79H8[23;8H[?25h[?25l[36m [m[51;79H9[23;9H[?25h[?25l[36m        [m[51;79H10-17[23;17H[?25h[?25l[24;50r[24;1H[L[1;51r[24;1H[31m        [m[51;76H[K[51;76H24,2-9[8CAll[24;9H[?25h[?25l[31m        [m[51;79H3-17[24;17H[?25h[?25l[31m$[m[51;79H4-18[24;18H[?25h[?25l[36m$([m[51;79H5-19[24;19H[?25h[?25l[36mC[m[51;79H6-20[24;20H[?25h[?25l[36mC[m[51;79H7-21[24;21H[?25h[?25l[36m0[m[51;79H8-22[24;22H[?25h[?25l[36m [m[51;79H9-23[24;23H[?25h[?25l[36m-[m[51;79H10-24[24;24H[?25h[?25l[36mM[m[51;80H1-25[24;25H[?25h[?25l[36mM[m[51;80H2-26[24;26H[?25h[?25l[36m [m[51;80H3-27[24;27H[?25h[?25l[36m$[m[51;80H4-28[24;28H[?25h[?25l[36m([m[51;80H5-29[24;29H[?25h[?25l[36mC[m[51;80H6-30[24;30H[?25h[?25l[36mP[m[51;80H7-31[24;31H[?25h[?25l[36mP[m[51;80H8-32[24;32H[?25h[?25l[36mF[m[51;80H9-33[24;33H[?25h[?25l[36mL[m[51;79H20-34[24;34H[?25h[?25l[36mA[m[51;80H1-35[24;35H[?25h[?25l[36mG[m[51;80H2-36[24;36H[?25h[?25l[36mS[m[51;80H3-37[24;37H[?25h[?25l[36m)[m[24;28H[36m[46m([8C)[m[51;80H4-38[24;38H[?25h[?25l[36m [24;28H([8C)[m[51;80H5-39[24;39H[?25h[?25l[36m*[m[51;80H6-40[24;40H[?25h[?25l[36m.[m[51;80H7-41[24;41H[?25h[?25l[36mc[m[51;80H8-42[24;42H[?25h[51;1H[K[24;41H[?25l[51;66H^[[24;41H[51;66H  [24;42H[51;76H24,27-41      All[24;41H[?25h[?25l[51;66H:[24;41H[51;66H[K[51;1H:[?2004h[?25hw[?25l[?25hq[?25l[?25h[?25l[?1002l[?2004l"Makefile" 25L, 466C written[23;2t[23;1t[22;2t[22;1t[23;2t[23;1t
[?2004l[?1l>[?25h[?1049l[23;0;0trgeary1@remote06:~/i220a/submit/lab1/exercises/3-multifile$ make dist
make: Nothing to be done for 'dist'.
rgeary1@remote06:~/i220a/submit/lab1/exercises/3-multifile$ make
make: 'quadr' is up to date.
rgeary1@remote06:~/i220a/submit/lab1/exercises/3-multifile$ makecd [K[K[K[K[K[K[Kcd temp
rgeary1@remote06:~/i220a/submit/lab1/exercises/3-multifile/temp$ ls
rgeary1@remote06:~/i220a/submit/lab1/exercises/3-multifile/temp$ vim
[?1000h[?2004h[?1049h[22;0;0t[?1h=[?2004h[1;51r[?12h[?12l[22;2t[22;1t[27m[23m[29m[m[H[2J[2;1Hâ–½[6n[2;1H  [1;1H[>c]10;?]11;?[?25l[2;1H[1m[34m~                                                                                            [3;1H~                                                                                            [4;1H~                                                                                            [5;1H~                                                                                            [6;1H~                                                                                            [7;1H~                                                                                            [8;1H~                                                                                            [9;1H~                                                                                            [10;1H~                                                                                            [11;1H~                                                                                            [12;1H~                                                                                            [13;1H~                                                                                            [14;1H~                                                                                            [15;1H~                                                                                            [16;1H~                                                                                            [17;1H~                                                                                            [18;1H~                                                                                            [19;1H~                                                                                            [20;1H~                                                                                            [21;1H~                                                                                            [22;1H~                                                                                            [23;1H~                                                                                            [24;1H~                                                                                            [25;1H~                                                                                            [26;1H~                                                                                            [27;1H~                                                                                            [28;1H~                                                                                            [29;1H~                                                                                            [30;1H~                                                                                            [31;1H~                                                                                            [32;1H~                                                                                            [33;1H~                                                                                            [34;1H~                                                                                            [35;1H~                                                                                            [36;1H~                                                                                            [37;1H~                                                                                            [38;1H~                                                                                            [39;1H~                                                                                            [40;1H~                                                                                            [41;1H~                                                                                            [42;1H~                                                                                            [43;1H~                                                                                            [44;1H~                                                                                            [45;1H~                                                                                            [46;1H~                                                                                            [47;1H~                                                                                            [48;1H~                                                                                            [49;1H~                                                                                            [50;1H~                                                                                            [m[51;76H0,0-1[9CAll[20;39HVIM - Vi IMproved[22;39Hversion 8.1.1401[23;35Hby Bram Moolenaar et al.[24;28HModified by team+vim@tracker.debian.org[25;26HVim is open source and freely distributable[27;33HBecome a registered Vim user![28;24Htype  :help register[34m<Enter>[m   for information [30;24Htype  :q[34m<Enter>[m               to exit         [31;24Htype  :help[34m<Enter>[m  or  [34m<F1>[m  for on-line help[32;24Htype  :help version8[34m<Enter>[m   for version info[1;1H[?25h[?1000l[?1002h[?25l[51;66H:[1;1H[51;66H[K[51;1H:[?2004h[?25hw[?25l[?25hq[?25l[?25h[?25l[1m[37m[41mE32: No file name[?2004h[1;1H[m[51;76H0,0-1[9CAll[1;1H[?25h[?25l[51;66H:[1;1H[51;1H[K[51;1H:[?2004h[?25hq[?25l[?25h[?25l[?1002l[?2004l[23;2t[23;1t[22;2t[22;1t[23;2t[23;1t[51;1H[K[51;1H[?2004l[?1l>[?25h[?1049l[23;0;0trgeary1@remote06:~/i220a/submit/lab1/exercises/3-multifile/temp$ ls
rgeary1@remote06:~/i220a/submit/lab1/exercises/3-multifile/temp$ lsvim[1Plscd temp[3Pmake distvim Makefile [4Pmake dist[4Pcd ..tar -xzf ~/i220a/submit/lab1/exercises/3-multifile/temp[A[C[C[C[C[C[C[C[C[C[C[C[C[C[C[C[C[C[C[C[C[C[C[C[C[C[C[C[C[C[C[C[C[C[C[C[C[C[Ccd temp[K
[K[A[C[C[C[C[C[C[C[C[C[C[C[C[C[C[C[C[C[C[C[C[C[C[C[C[C[C[C[C[C[C[C[C[C[C[C[C[C[C[C[C[C[C[C[C[C[C[C[C[C[C[C[C[C[C[C[C[C[C[C[C[C[C[C[C[C[C[C[C[C[C[C[Ctar -xzf ~/i220a/submit/lab1/exercises/3-multifile/temp
tar (child): /home/rgeary1/i220a/submit/lab1/exercises/3-multifile/temp: Cannot read: Is a directory
tar (child): At beginning of tape, quitting now
tar (child): Error is not recoverable: exiting now

gzip: stdin: unexpected end of file
tar: Child returned status 2
tar: Error is not recoverable: exiting now
rgeary1@remote06:~/i220a/submit/lab1/exercises/3-multifile/temp$ cd ..
rgeary1@remote06:~/i220a/submit/lab1/exercises/3-multifile$ ls
main.c	Makefile  quadr.c  quadr.o	 README  test.data
main.o	quadr	  quadr.h  quadr.tar.gz  temp
rgeary1@remote06:~/i220a/submit/lab1/exercises/3-multifile$ vim Makefile 
[?1000h[?2004h[?1049h[22;0;0t[?1h=[?2004h[1;51r[?12h[?12l[22;2t[22;1t[27m[23m[29m[m[H[2J[?25l[51;1H"Makefile" 25L, 466C[2;1Hâ–½[6n[2;1H  [1;1H[>c]10;?]11;?[1;1H[36mPROJECT [m= quadr

[36mCFLAGS [m= -g -Wall -std=c11
[36mLDFLAGS [m=  -lm
[36mSRC_FILES [m= main.c quadr.c quadr.h

[36m$(PROJECT):[m     quadr.o main.o
[31m                [m[36m$(CC)[m[31m quadr.o main.o  [m[36m$(LDFLAGS)[m[31m -o  [m[36m$@[m[12;1H[34m#automatically generated dependencies produced by make depend: main.c quadr.c quadr.h[m

[36mdist:[11C$(PROJECT)[m.tar.gz

[36m$(PROJECT).tar.gz:[m      [36m$(SRC_FILES)[m
[31m                        tar -cf [m[36m$(PROJECT)[m[31m.tar [m[36m$(SRC_FILES)[m
[31m                        gzip -f [m[36m$(PROJECT)[m[31m.tar[m

[36mclean:[m
[31m                rm -f *.o [m[36m$(PROJECT)[m[31m [m[36m$(PROJECT)[m[31m.tar.gz[m

[36mdepend:         [m
[31m                [m[36m$(CC0 -MM $(CPPFLAGS) *.c[m

[1m[34m~                                                                                            [27;1H~                                                                                            [28;1H~                                                                                            [29;1H~                                                                                            [30;1H~                                                                                            [31;1H~                                                                                            [32;1H~                                                                                            [33;1H~                                                                                            [34;1H~                                                                                            [35;1H~                                                                                            [36;1H~                                                                                            [37;1H~                                                                                            [38;1H~                                                                                            [39;1H~                                                                                            [40;1H~                                                                                            [41;1H~                                                                                            [42;1H~                                                                                            [43;1H~                                                                                            [44;1H~                                                                                            [45;1H~                                                                                            [46;1H~                                                                                            [47;1H~                                                                                            [48;1H~                                                                                            [49;1H~                                                                                            [50;1H~                                                                                            [m[51;76H24,27-41      All[24;41H[?25h[?1000l[?1002h[?25l[51;66H^[[24;41H[51;66H  [24;41H[51;66H^[[24;41H[51;66H  [24;41H[?25h[?25l[51;66H:[24;41H[51;1H[K[51;1H:[?2004h[?25hw[?25l[?25hq[?25l[?25h[?25l[?1002l[?2004l"Makefile" 25L, 466C written[23;2t[23;1t[22;2t[22;1t[23;2t[23;1t
[?2004l[?1l>[?25h[?1049l[23;0;0trgeary1@remote06:~/i220a/submit/lab1/exercises/3-multifile$ vim Makefile 
[?1000h[?2004h[?1049h[22;0;0t[?1h=[?2004h[1;51r[?12h[?12l[22;2t[22;1t[27m[23m[29m[m[H[2J[?25l[51;1H"Makefile" 25L, 466C[2;1Hâ–½[6n[2;1H  [1;1H[>c]10;?]11;?[1;1H[36mPROJECT [m= quadr

[36mCFLAGS [m= -g -Wall -std=c11
[36mLDFLAGS [m=  -lm
[36mSRC_FILES [m= main.c quadr.c quadr.h

[36m$(PROJECT):[m     quadr.o main.o
[31m                [m[36m$(CC)[m[31m quadr.o main.o  [m[36m$(LDFLAGS)[m[31m -o  [m[36m$@[m[12;1H[34m#automatically generated dependencies produced by make depend: main.c quadr.c quadr.h[m

[36mdist:[11C$(PROJECT)[m.tar.gz

[36m$(PROJECT).tar.gz:[m      [36m$(SRC_FILES)[m
[31m                        tar -cf [m[36m$(PROJECT)[m[31m.tar [m[36m$(SRC_FILES)[m
[31m                        gzip -f [m[36m$(PROJECT)[m[31m.tar[m

[36mclean:[m
[31m                rm -f *.o [m[36m$(PROJECT)[m[31m [m[36m$(PROJECT)[m[31m.tar.gz[m

[36mdepend:         [m
[31m                [m[36m$(CC0 -MM $(CPPFLAGS) *.c[m

[1m[34m~                                                                                            [27;1H~                                                                                            [28;1H~                                                                                            [29;1H~                                                                                            [30;1H~                                                                                            [31;1H~                                                                                            [32;1H~                                                                                            [33;1H~                                                                                            [34;1H~                                                                                            [35;1H~                                                                                            [36;1H~                                                                                            [37;1H~                                                                                            [38;1H~                                                                                            [39;1H~                                                                                            [40;1H~                                                                                            [41;1H~                                                                                            [42;1H~                                                                                            [43;1H~                                                                                            [44;1H~                                                                                            [45;1H~                                                                                            [46;1H~                                                                                            [47;1H~                                                                                            [48;1H~                                                                                            [49;1H~                                                                                            [50;1H~                                                                                            [m[51;76H24,27-41      All[24;41H[?25h[?1000l[?1002h[?25l[51;66H^[[24;41H[51;66H  [24;41H[51;66H^[[24;41H[51;66H  [24;41H[?25h[?25l[51;66H:[24;41H[51;1H[K[51;1H:[?2004h[?25hw[?25l[?25hq[?25l[?25h[?25l[?1002l[?2004l"Makefile" 25L, 466C written[23;2t[23;1t[22;2t[22;1t[23;2t[23;1t
[?2004l[?1l>[?25h[?1049l[23;0;0trgeary1@remote06:~/i220a/submit/lab1/exercises/3-multifile$ vim Makefile 
[?1000h[?2004h[?1049h[22;0;0t[?1h=[?2004h[1;51r[?12h[?12l[22;2t[22;1t[27m[23m[29m[m[H[2J[?25l[51;1H"Makefile" 25L, 466C[2;1Hâ–½[6n[2;1H  [1;1H[>c]10;?]11;?[1;1H[36mPROJECT [m= quadr

[36mCFLAGS [m= -g -Wall -std=c11
[36mLDFLAGS [m=  -lm
[36mSRC_FILES [m= main.c quadr.c quadr.h

[36m$(PROJECT):[m     quadr.o main.o
[31m                [m[36m$(CC)[m[31m quadr.o main.o  [m[36m$(LDFLAGS)[m[31m -o  [m[36m$@[m[12;1H[34m#automatically generated dependencies produced by make depend: main.c quadr.c quadr.h[m

[36mdist:[11C$(PROJECT)[m.tar.gz

[36m$(PROJECT).tar.gz:[m      [36m$(SRC_FILES)[m
[31m                        tar -cf [m[36m$(PROJECT)[m[31m.tar [m[36m$(SRC_FILES)[m
[31m                        gzip -f [m[36m$(PROJECT)[m[31m.tar[m

[36mclean:[m
[31m                rm -f *.o [m[36m$(PROJECT)[m[31m [m[36m$(PROJECT)[m[31m.tar.gz[m

[36mdepend:         [m
[31m                [m[36m$(CC0 -MM $(CPPFLAGS) *.c[m

[1m[34m~                                                                                            [27;1H~                                                                                            [28;1H~                                                                                            [29;1H~                                                                                            [30;1H~                                                                                            [31;1H~                                                                                            [32;1H~                                                                                            [33;1H~                                                                                            [34;1H~                                                                                            [35;1H~                                                                                            [36;1H~                                                                                            [37;1H~                                                                                            [38;1H~                                                                                            [39;1H~                                                                                            [40;1H~                                                                                            [41;1H~                                                                                            [42;1H~                                                                                            [43;1H~                                                                                            [44;1H~                                                                                            [45;1H~                                                                                            [46;1H~                                                                                            [47;1H~                                                                                            [48;1H~                                                                                            [49;1H~                                                                                            [50;1H~                                                                                            [m[51;76H24,27-41      All[24;41H[?25h[?1000l[?1002h[?25l[51;66H~@k[24;41H[51;66H   [23;16H[51;77H3,9-16 [23;16H[?25h[?25l[51;66H~@k[23;16H[51;66H   [22;1H[51;77H2,0-1 [22;1H[?25h[?25l[51;66H~@k[22;1H[51;66H   [21;41H[51;77H1,27-41[21;41H[?25h[?25l[51;66H~@k[21;41H[51;66H   [20;6H[51;77H0,6    [20;6H[?25h[?25l[51;66H~@k[20;6H[51;66H   [19;1H[51;76H19,0-1[19;1H[?25h[?25l[51;66H~@k[19;1H[51;66H   [18;41H[51;77H8,20-41[18;41H[?25h[?25l[51;66H~@k[18;41H[51;66H   [17;41H[51;77H7[17;41H[?25h[?25l[51;66H~@k[17;41H[51;66H   [16;36H[16;26H[36m[46m([9C)[m[51;77H6,31-36[16;36H[?25h[?25l[51;66H~@k[16;36H[51;66H   [15;1H[16;26H[36m([9C)[m[51;77H5,0-1  [15;1H[?25h[?25l[51;66H~@k[15;1H[51;66H   [14;33H[51;77H4,24-33[14;33H[?25h[?25l[51;66H~@k[14;33H[51;66H   [14;32H[51;80H3-32[14;32H[?25h[?25l[51;66H~@k[14;32H[51;66H   [14;31H[51;80H2-31[14;31H[?25h[?25l[51;66H~@k[14;31H[51;66H   [14;30H[51;80H1-30[14;30H[?25h[?25l[51;66H~@k[14;30H[51;66H   [14;29H[51;80H0-29[14;29H[?25h[?25l[51;66H~@k[14;29H[51;66H   [14;28H[51;79H19-28[14;28H[?25h[?25l[51;66H~@k[14;28H[51;66H   [14;27H[51;80H8-27[14;27H[?25h[?25l[51;66H~@k[14;27H[51;66H   [14;26H[14;18H[36m[46m([7C)[m[51;80H7-26[14;26H[?25h[?25l[51;66Hi[14;26H[51;66H [14;26H[51;1H[1m-- INSERT --[m[51;13H[K[51;76H14,17-26      All[14;26H[?25h[?25l[36m)[m[46m.[mtar.gz[14;33H[K[14;25H[36m[46m)[m.[51;80H6-25[14;25H[?25h[?25l[36m)[m[46m.[mtar.gz[14;32H[K[14;24H[36m[46m)[m.[51;80H5-24[14;24H[?25h[?25l[36m)[m[46m.[mtar.gz[14;31H[K[14;23H[36m[46m)[m.[51;80H4-23[14;23H[?25h[?25l[36m)[m[46m.[mtar.gz[14;30H[K[14;22H[36m[46m)[m.[51;80H3-22[14;22H[?25h[?25l[36m)[m[46m.[mtar.gz[14;29H[K[14;21H[36m[46m)[m.[51;80H2-21[14;21H[?25h[?25l[36m)[m[46m.[mtar.gz[14;28H[K[14;20H[36m[46m)[m.[51;80H1-20[14;20H[?25h[?25l[36m)[m[46m.[mtar.gz[14;27H[K[14;19H[36m[46m)[m.[51;80H0-19[14;19H[?25h[?25l[36m[46mP[m[36m)[m.tar.gz[14;19H[36mP[m[36m[46m)[m[51;80H1-20[14;20H[?25h[?25l[36m[46mR[m[36m)[m.tar.gz[14;20H[36mR[m[36m[46m)[m[51;80H2-21[14;21H[?25h[?25l[36m[46mO[m[36m)[m.tar.gz[14;21H[36mO[m[36m[46m)[m[51;80H3-22[14;22H[?25h[?25l[36m[46mJ[m[36m)[m.tar.gz[14;22H[36mJ[m[36m[46m)[m[51;80H4-23[14;23H[?25h[?25l[36m[46mE[m[36m)[m.tar.gz[14;23H[36mE[m[36m[46m)[m[51;80H5-24[14;24H[?25h[?25l[36m[46mC[m[36m)[m.tar.gz[14;24H[36mC[m[36m[46m)[m[51;80H6-25[14;25H[?25h[?25l[36m[46mT[m[36m)[m.tar.gz[14;25H[36mT[m[36m[46m)[m[51;80H7-26[14;26H[?25h[51;1H[K[14;25H[?25l[51;66H^[[14;25H[51;66H  [14;26H[14;18H[36m([7C)[m[51;76H14,16-25      All[14;25H[?25h[?25l[51;66H:[14;25H[51;66H[K[51;1H:[?2004h[?25hw[?25l[?25hq[?25l[?25h[?25l[?1002l[?2004l"Makefile" 25L, 466C written[23;2t[23;1t[22;2t[22;1t[23;2t[23;1t
[?2004l[?1l>[?25h[?1049l[23;0;0trgeary1@remote06:~/i220a/submit/lab1/exercises/3-multifile$ vim Makefile ls[Kcd ..[K[Ktemo[Kp
rgeary1@remote06:~/i220a/submit/lab1/exercises/3-multifile/temp$ cd tempvim Makefile ls[Kcd ..tar -xzf ~/i220a/submit/lab1/exercises/3-multifile/temp[A[C[C[C[C[C[C[C[C[C[C[C[C[C[C[C[C[C[C[C[C[C[C[C[C[C[C[C[C[C[C[C[C[C[C[C[C[C[Cls[K
[K[A[C[C[C[C[C[C[C[C[C[C[C[C[C[C[C[C[C[C[C[C[C[C[C[C[C[C[C[C[C[C[C[C[C[C[C[C[C[C[C[C[C[C[C[C[C[C[C[C[C[C[C[C[C[C[C[C[C[C[C[C[C[C[C[C[C[C[Ctar -xzf ~/i220a/submit/lab1/exercises/3-multifile/temp[K[K[K[K[K
tar (child): /home/rgeary1/i220a/submit/lab1/exercises/3-multifile: Cannot read: Is a directory
tar (child): At beginning of tape, quitting now
tar (child): Error is not recoverable: exiting now

gzip: stdin: unexpected end of file
tar: Child returned status 2
tar: Error is not recoverable: exiting now
rgeary1@remote06:~/i220a/submit/lab1/exercises/3-multifile/temp$ tar -xzf ~/i220a/submit/lab1/exercises/3-multifile.[K/quadr.tar.gz 
rgeary1@remote06:~/i220a/submit/lab1/exercises/3-multifile/temp$ ls
quadr
rgeary1@remote06:~/i220a/submit/lab1/exercises/3-multifile/temp$ make
make: *** No targets specified and no makefile found.  Stop.
rgeary1@remote06:~/i220a/submit/lab1/exercises/3-multifile/temp$ make quadr
make: Nothing to be done for 'quadr'.
rgeary1@remote06:~/i220a/submit/lab1/exercises/3-multifile/temp$ ls
quadr
rgeary1@remote06:~/i220a/submit/lab1/exercises/3-multifile/temp$ ./quadr
q   1 2 3
a = 1, b = 2, c = 3, root1 = -nan, root2 = -nan
rgeary1@remote06:~/i220a/submit/lab1/exercises/3-multifile/temp$ exit

Script done on 2020-09-02 22:37:11-04:00 [COMMAND_EXIT_CODE="0"]
Script started on 2020-09-02 22:37:44-04:00 [TERM="xterm" TTY="/dev/pts/3" COLUMNS="93" LINES="51"]
bash: /home/umrigar/cs240/bin/student.rc: No such file or directory
rgeary1@remote06:~/i220a/submit/lab1$ cd [K exercises/3-multifile/
rgeary1@remote06:~/i220a/submit/lab1/exercises/3-multifile$ cat Makefile
PROJECT = quadr

CFLAGS = -g -Wall -std=c11
LDFLAGS =  -lm
SRC_FILES = main.c quadr.c quadr.h

$(PROJECT):	quadr.o main.o
		$(CC) quadr.o main.o  $(LDFLAGS) -o  $@



#automatically generated dependencies produced by make depend: main.c quadr.c quadr.h

dist:		$(PROJECT).tar.gz

$(PROJECT).tar.gz:	$(SRC_FILES)
			tar -cf $(PROJECT).tar $(SRC_FILES)
			gzip -f $(PROJECT).tar

clean:
		rm -f *.o $(PROJECT) $(PROJECT).tar.gz

depend:		
		$(CC0 -MM $(CPPFLAGS) *.c

rgeary1@remote06:~/i220a/submit/lab1/exercises/3-multifile$ cd ..
rgeary1@remote06:~/i220a/submit/lab1/exercises$ cd 4-from-scratch/
rgeary1@remote06:~/i220a/submit/lab1/exercises/4-from-scratch$ ls
key-value.c  key-value.h  main.c  process-file.c  process-file.h  README
rgeary1@remote06:~/i220a/submit/lab1/exercises/4-from-scratch$ vim Makefile[K[K[K[K[K[K[K[K[K[K[K[Kcp [K[K[Ki wish[K[K[K[K[K[Kcp SOURCE DEST[K[K[K[K[K[K[K[K[K[K[Kcd[K[K../3/[K-multifile/Makefile .
rgeary1@remote06:~/i220a/submit/lab1/exercises/4-from-scratch$ ls
key-value.c  key-value.h  main.c  Makefile  process-file.c  process-file.h  README
rgeary1@remote06:~/i220a/submit/lab1/exercises/4-from-scratch$ vim Makefile 
[?1000h[?2004h[?1049h[22;0;0t[?1h=[?2004h[1;51r[?12h[?12l[22;2t[22;1t[27m[23m[29m[m[H[2J[?25l[51;1H"Makefile" 25L, 466C[2;1Hâ–½[6n[2;1H  [1;1H[>c]10;?]11;?[1;1H[36mPROJECT [m= quadr

[36mCFLAGS [m= -g -Wall -std=c11
[36mLDFLAGS [m=  -lm
[36mSRC_FILES [m= main.c quadr.c quadr.h

[36m$(PROJECT):[m     quadr.o main.o
[31m                [m[36m$(CC)[m[31m quadr.o main.o  [m[36m$(LDFLAGS)[m[31m -o  [m[36m$@[m[12;1H[34m#automatically generated dependencies produced by make depend: main.c quadr.c quadr.h[m

[36mdist:[11C$(PROJECT)[m.tar.gz

[36m$(PROJECT).tar.gz:[m      [36m$(SRC_FILES)[m
[31m                        tar -cf [m[36m$(PROJECT)[m[31m.tar [m[36m$(SRC_FILES)[m
[31m                        gzip -f [m[36m$(PROJECT)[m[31m.tar[m

[36mclean:[m
[31m                rm -f *.o [m[36m$(PROJECT)[m[31m [m[36m$(PROJECT)[m[31m.tar.gz[m

[36mdepend:         [m
[31m                [m[36m$(CC0 -MM $(CPPFLAGS) *.c[m

[1m[34m~                                                                                            [27;1H~                                                                                            [28;1H~                                                                                            [29;1H~                                                                                            [30;1H~                                                                                            [31;1H~                                                                                            [32;1H~                                                                                            [33;1H~                                                                                            [34;1H~                                                                                            [35;1H~                                                                                            [36;1H~                                                                                            [37;1H~                                                                                            [38;1H~                                                                                            [39;1H~                                                                                            [40;1H~                                                                                            [41;1H~                                                                                            [42;1H~                                                                                            [43;1H~                                                                                            [44;1H~                                                                                            [45;1H~                                                                                            [46;1H~                                                                                            [47;1H~                                                                                            [48;1H~                                                                                            [49;1H~                                                                                            [50;1H~                                                                                            [m[51;76H1,1[11CAll[1;1H[?25h[?1000l[?1002h[?25l[51;76H25,0-1[25;1H[?25h[?25l[1;50r[1;1H[3M[1;51r[48;1H[1m[34m~                                                                                            [49;1H~                                                                                            [50;1H~                                                                                            [m[51;1H[K[51;76H25,0-1[8CBot[22;1H[?25h[?25l[1;50r[1;1H[3M[1;51r[48;1H[1m[34m~                                                                                            [49;1H~                                                                                            [50;1H~                                                                                            [m[51;76H[K[51;76H25,0-1[8CBot[19;1H[?25h[?25l[1;50r[1;1H[3M[1;51r[48;1H[1m[34m~                                                                                            [49;1H~                                                                                            [50;1H~                                                                                            [m[51;76H[K[51;76H25,0-1[8CBot[16;1H[?25h[?25l[1;50r[1;1H[3M[1;51r[48;1H[1m[34m~                                                                                            [49;1H~                                                                                            [50;1H~                                                                                            [m[51;76H[K[51;76H25,0-1[8CBot[13;1H[?25h[?25l[1;50r[1;1H[3M[1;51r[48;1H[1m[34m~                                                                                            [49;1H~                                                                                            [50;1H~                                                                                            [m[51;76H[K[51;76H25,0-1[8CBot[10;1H[?25h[?25l[1;50r[1;1H[3L[1;51r[2;1H[36mdist:[11C$(PROJECT)[m.tar.gz[51;76H[K[51;76H25,0-1[8CBot[13;1H[?25h[?25l[1;50r[1;1H[3L[1;51r[3;1H[34m#automatically generated dependencies produced by make depend: main.c quadr.c quadr.h[m[51;76H[K[51;76H25,0-1[8CBot[16;1H[?25h[?25l[1;50r[1;1H[3L[1;51r[1;1H[36m$(PROJECT):[m     quadr.o main.o
[31m                [m[36m$(CC)[m[31m quadr.o main.o  [m[36m$(LDFLAGS)[m[31m -o  [m[36m$@[m[51;76H[K[51;76H25,0-1[8CBot[19;1H[?25h[?25l[1;50r[1;1H[3L[1;51r[1;1H[36mLDFLAGS [m=  -lm
[36mSRC_FILES [m= main.c quadr.c quadr.h[51;76H[K[51;76H25,0-1[8CBot[22;1H[?25h[?25l[1;50r[1;1H[3L[1;51r[1;1H[36mPROJECT [m= quadr

[36mCFLAGS [m= -g -Wall -std=c11[51;76H[K[51;76H25,0-1[8CAll[25;1H[?25h[?25l[?25h[?25l[?25h[?25l[?25h[?25l[51;76H1,15  [1;15H[?25h[?25l[51;66Hi[1;15H[51;66H [1;15H[51;1H[1m-- INSERT --[m[51;76H[K[51;76H1,15[10CAll[1;15H[?25h[?25l[51;79H6[1;16H[?25h[?25l[1;15H[K[51;79H5[1;15H[?25h[?25l[1;14H[K[51;79H4[1;14H[?25h[?25l[1;13H[K[51;79H3[1;13H[?25h[?25l[1;12H[K[51;79H2[1;12H[?25h[?25l[1;11H[K[51;79H1[1;11H[?25h[?25lk[51;79H2[1;12H[?25h[?25le[51;79H3[1;13H[?25h[?25ly[51;79H4[1;14H[?25h[?25l-[51;79H5[1;15H[?25h[?25lv[51;79H6[1;16H[?25h[?25ls[51;79H7[1;17H[?25h[?25ll[51;79H8[1;18H[?25h[?25l[1;17H[K[51;79H7[1;17H[?25h[?25la[51;79H8[1;18H[?25h[?25l[1;17H[K[51;79H7[1;17H[?25h[?25l[1;16H[K[51;79H6[1;16H[?25h[?25la[51;79H7[1;17H[?25h[?25ll[51;79H8[1;18H[?25h[?25lu[51;79H9[1;19H[?25h[?25le[51;78H20[1;20H[?25h[?25l[51;76H5,35[5;35H[?25h[?25l[5;34H[K[51;79H4[5;34H[?25h[?25l[5;33H[K[51;79H3[5;33H[?25h[?25l[5;32H[K[51;79H2[5;32H[?25h[?25l[5;31H[K[51;79H1[5;31H[?25h[?25l[5;30H[K[51;79H0[5;30H[?25h[?25l[5;29H[K[51;78H29[5;29H[?25h[?25l[5;28H[K[51;79H8[5;28H[?25h[?25l[51;79H7[5;27H[?25h[?25l[5;26H[K[51;79H6[5;26H[?25h[?25l[5;25H[K[51;79H5[5;25H[?25h[?25l[5;24H[K[51;79H4[5;24H[?25h[?25l[5;23H[K[51;79H3[5;23H[?25h[?25l[5;22H[K[51;79H2[5;22H[?25h[?25l[5;21H[K[51;79H1[5;21H[?25h[?25l[5;20H[K[51;79H0[5;20H[?25h[?25l[51;78H19[5;19H[?25h[?25l[5;18H[K[51;79H8[5;18H[?25h[?25l[5;17H[K[51;79H7[5;17H[?25h[?25l[5;16H[K[51;79H6[5;16H[?25h[?25l[5;15H[K[51;79H5[5;15H[?25h[?25l[5;14H[K[51;79H4[5;14H[?25h[?25l[5;13H[K[51;79H3[5;13H[?25h[?25l[51;76H25,1[25;1H[?25h[?25l[51;76H5,13[5;13H[?25h[?25lk[51;79H4[5;14H[?25h[?25le[51;79H5[5;15H[?25h[?25ly[51;79H6[5;16H[?25h[?25l-[51;79H7[5;17H[?25h[?25lv[51;79H8[5;18H[?25h[?25la[51;79H9[5;19H[?25h[?25ll[51;78H20[5;20H[?25h[?25lu[51;79H1[5;21H[?25h[?25le[51;79H2[5;22H[?25h[?25l.[51;79H3[5;23H[?25h[?25lc[51;79H4[5;24H[?25h[?25l[51;79H5[5;25H[?25h[?25lk[51;79H6[5;26H[?25h[?25le[51;79H7[5;27H[?25h[?25ly[51;79H8[5;28H[?25h[?25l-[51;79H9[5;29H[?25h[?25lv[51;78H30[5;30H[?25h[?25la[51;79H1[5;31H[?25h[?25ll[51;79H2[5;32H[?25h[?25lu[51;79H3[5;33H[?25h[?25le[51;79H4[5;34H[?25h[?25l.[51;79H5[5;35H[?25h[?25lh[51;79H6[5;36H[?25h[?25l[51;79H7[5;37H[?25h[?25lm[51;79H8[5;38H[?25h[?25la[51;79H9[5;39H[?25h[?25li[51;78H40[5;40H[?25h[?25ln[51;79H1[5;41H[?25h[?25l.[51;79H2[5;42H[?25h[?25lc[51;79H3[5;43H[?25h[?25l[51;79H4[5;44H[?25h[?25lp[51;79H5[5;45H[?25h[?25lr[51;79H6[5;46H[?25h[?25lo[51;79H7[5;47H[?25h[?25lc[51;79H8[5;48H[?25h[?25lc[51;79H9[5;49H[?25h[?25le[51;78H50[5;50H[?25h[?25ls[51;79H1[5;51H[?25h[?25ls[51;79H2[5;52H[?25h[?25l[51;79H1[5;51H[?25h[?25l[51;79H0[5;50H[?25h[?25l[51;78H49[5;49H[?25h[?25l[51;79H8[5;48H[?25h[?25les[5;51H[K[51;79H7[5;47H[?25h[?25l[51;79H8[5;48H[?25h[?25l[51;79H9[5;49H[?25h[?25l[51;78H50[5;50H[?25h[?25l[51;79H1[5;51H[?25h[?25l-[51;79H2[5;52H[?25h[?25lf[51;79H3[5;53H[?25h[?25li[51;79H4[5;54H[?25h[?25ll[51;79H5[5;55H[?25h[?25le[51;79H6[5;56H[?25h[?25l.[51;79H7[5;57H[?25h[?25lh[51;79H8[5;58H[?25h[?25l[51;79H9[5;59H[?25h[?25lp[51;78H60[5;60H[?25h[?25lr[51;79H1[5;61H[?25h[?25lo[51;79H2[5;62H[?25h[?25lc[51;79H3[5;63H[?25h[?25le[51;79H4[5;64H[?25h[?25ls[51;79H5[5;65H[?25h[?25ls[51;79H6[5;66H[?25h[?25l-[51;79H7[5;67H[?25h[?25lf[51;79H8[5;68H[?25h[?25li[51;79H9[5;69H[?25h[?25ll[51;78H70[5;70H[?25h[?25le[51;79H1[5;71H[?25h[?25l.[51;79H2[5;72H[?25h[?25lc[51;79H3[5;73H[?25h[51;1H[K[5;72H[?25l[51;66H^[[5;72H[51;66H  [5;73H[51;76H5,72[10CAll[5;72H[?25h[?25l[51;66H:[5;72H[51;66H[K[51;1H:[?2004h[?25hw[?25l[?25hq[?25l[?25h[?25l[?1002l[?2004l"Makefile" 25L, 508C written[23;2t[23;1t[22;2t[22;1t[23;2t[23;1t
[?2004l[?1l>[?25h[?1049l[23;0;0trgeary1@remote06:~/i220a/submit/lab1/exercises/4-from-scratch$ vim key-value.c
[?1000h[?2004h[?1049h[22;0;0t[?1h=[?2004h[1;51r[?12h[?12l[22;2t[22;1t[27m[23m[29m[m[H[2J[?25l[51;1H"key-value.c" 93L, 2140C[2;1Hâ–½[6n[2;1H  [1;1H[>c]10;?]11;?[1;1H[35m#include [m[31m"key-value.h"[m

[35m#include [m[31m<stdio.h>[m
[35m#include [m[31m<stdlib.h>[m
[35m#include [m[31m<string.h>[m

[34m//Limits.  Very low to facilitate testing.
//A production program should not have any such limits.[m
[32menum[m {
  MAX_KEY_LEN = [31m4[m,
  MAX_TABLE_ENTRIES = [31m4[m,
};

[32mtypedef[m [32mstruct[m {
  [32mchar[m key[MAX_KEY_LEN + [31m1[m];
  [32mint[m value;
} KeyValue;

[34m//error messages[m
[35m#define BAD_VALUE_ERROR         [m[31m"bad value"[m
[35m#define KEY_NOT_FOUND_ERROR     [m[31m"unknown key"[m
[35m#define KEY_TOO_LONG_ERROR      [m[31m"key too long"[m
[35m#define TOO_MANY_ENTRIES_ERROR  [m[31m"too many key-value pairs"[m

[34m//will be initialized to all zeros[m
[32mstatic[m KeyValue table[MAX_TABLE_ENTRIES];

[34m/** Return value of key of length keyLen in *valueP.  Return NULL if ok, else
 *  return error message.
 */[m
[32mchar[m *
lookup_table([32mconst[m [32mchar[m *key, [32mint[m keyLen, [32mint[m *valueP)
{
  [33mif[m (keyLen > MAX_KEY_LEN) {
    [33mreturn[m KEY_TOO_LONG_ERROR;
  }
  [33melse[m {
    [33mfor[m ([32mint[m i = [31m0[m; i < MAX_TABLE_ENTRIES; i++) {[39;7H[33mif[m (strncmp(key, &table[i].key[[31m0[m], keyLen) == [31m0[m) {[40;9H*valueP = table[i].value;[41;9H[33mreturn[m [31mNULL[m;[42;7H}
    }
    [33mreturn[m KEY_NOT_FOUND_ERROR;
  }
}

[34m/** Add value for key of length keyLen to table.  Return NULL if ok, else
 *  return error message.  *value should point to a string which spells an
 *  integer.[m[51;76H1,1[11CTop[1;1H[?25h[?1000l[?1002h[?25l[51;66H^[[1;1H[51;66H  [1;1H[51;66H^[[1;1H[51;66H  [1;1H[?25h[?25l[51;66H:[1;1H[51;1H[K[51;1H:[?2004h[?25hw[?25l[?25hq[?25l[?25h[?25l[?1002l[?2004l"key-value.c" 93L, 2140C written[23;2t[23;1t[22;2t[22;1t[23;2t[23;1t
[?2004l[?1l>[?25h[?1049l[23;0;0trgeary1@remote06:~/i220a/submit/lab1/exercises/4-from-scratch$ vim key-value.c[Kh
[?1000h[?2004h[?1049h[22;0;0t[?1h=[?2004h[1;51r[?12h[?12l[22;2t[22;1t[27m[23m[29m[m[H[2J[?25l[51;1H"key-value.h" 20L, 650C[2;1Hâ–½[6n[2;1H  [1;1H[>c]10;?]11;?[1;1H[35m#ifndef _KEY_VALUE_H
#define _KEY_VALUE_H[m

[34m/** Return value of key of length keyLen in *valueP.  Return NULL if ok, else
 *  return error message.
 */[m
[32mchar[m *lookup_table([32mconst[m [32mchar[m *key, [32mint[m keyLen, [32mint[m *valueP);

[34m/** Add value for key of length keyLen to table.  Return NULL if ok, else
 *  return error message.  *value should point to a string which spells an
 *  integer.
 */[m
[32mchar[m *add_table([32mconst[m [32mchar[m *key, [32mint[m keyLen, [32mconst[m [32mchar[m *value);

[34m/** Remove mapping for key of length keyLen from table.  Return NULL if
 *  everything ok, else return error message.  
 */[m
[32mchar[m *remove_table([32mconst[m [32mchar[m *key, [32mint[m keyLen);

[35m#endif[m [34m//#ifndef _KEY_VALUE_H[m
[1m[34m~                                                                                            [22;1H~                                                                                            [23;1H~                                                                                            [24;1H~                                                                                            [25;1H~                                                                                            [26;1H~                                                                                            [27;1H~                                                                                            [28;1H~                                                                                            [29;1H~                                                                                            [30;1H~                                                                                            [31;1H~                                                                                            [32;1H~                                                                                            [33;1H~                                                                                            [34;1H~                                                                                            [35;1H~                                                                                            [36;1H~                                                                                            [37;1H~                                                                                            [38;1H~                                                                                            [39;1H~                                                                                            [40;1H~                                                                                            [41;1H~                                                                                            [42;1H~                                                                                            [43;1H~                                                                                            [44;1H~                                                                                            [45;1H~                                                                                            [46;1H~                                                                                            [47;1H~                                                                                            [48;1H~                                                                                            [49;1H~                                                                                            [50;1H~                                                                                            [m[51;76H1,1[11CAll[1;1H[?25h[?1000l[?1002h[?25l[51;66H^[[1;1H[51;66H  [1;1H[51;66H^[[1;1H[51;66H  [1;1H[?25h[?25l[51;66H:[1;1H[51;1H[K[51;1H:[?2004h[?25hw[?25l[?25hq[?25l[?25h[?25l[?1002l[?2004l"key-value.h" 20L, 650C written[23;2t[23;1t[22;2t[22;1t[23;2t[23;1t
[?2004l[?1l>[?25h[?1049l[23;0;0trgeary1@remote06:~/i220a/submit/lab1/exercises/4-from-scratch$ vim[K[K[Kvim key-value.hc[2PMakefile 
[?1000h[?2004h[?1049h[22;0;0t[?1h=[?2004h[1;51r[?12h[?12l[22;2t[22;1t[27m[23m[29m[m[H[2J[?25l[51;1H"Makefile" 25L, 508C[2;1Hâ–½[6n[2;1H  [1;1H[>c]10;?]11;?[1;1H[36mPROJECT [m= key-value

[36mCFLAGS [m= -g -Wall -std=c11
[36mLDFLAGS [m=  -lm
[36mSRC_FILES [m= key-value.c key-value.h main.c process-file.h process-file.c

[36m$(PROJECT):[m     quadr.o main.o
[31m                [m[36m$(CC)[m[31m quadr.o main.o  [m[36m$(LDFLAGS)[m[31m -o  [m[36m$@[m[12;1H[34m#automatically generated dependencies produced by make depend: main.c quadr.c quadr.h[m

[36mdist:[11C$(PROJECT)[m.tar.gz

[36m$(PROJECT).tar.gz:[m      [36m$(SRC_FILES)[m
[31m                        tar -cf [m[36m$(PROJECT)[m[31m.tar [m[36m$(SRC_FILES)[m
[31m                        gzip -f [m[36m$(PROJECT)[m[31m.tar[m

[36mclean:[m
[31m                rm -f *.o [m[36m$(PROJECT)[m[31m [m[36m$(PROJECT)[m[31m.tar.gz[m

[36mdepend:         [m
[31m                [m[36m$(CC0 -MM $(CPPFLAGS) *.c[m

[1m[34m~                                                                                            [27;1H~                                                                                            [28;1H~                                                                                            [29;1H~                                                                                            [30;1H~                                                                                            [31;1H~                                                                                            [32;1H~                                                                                            [33;1H~                                                                                            [34;1H~                                                                                            [35;1H~                                                                                            [36;1H~                                                                                            [37;1H~                                                                                            [38;1H~                                                                                            [39;1H~                                                                                            [40;1H~                                                                                            [41;1H~                                                                                            [42;1H~                                                                                            [43;1H~                                                                                            [44;1H~                                                                                            [45;1H~                                                                                            [46;1H~                                                                                            [47;1H~                                                                                            [48;1H~                                                                                            [49;1H~                                                                                            [50;1H~                                                                                            [m[51;76H5,72[10CAll[5;72H[?25h[?1000l[?1002h[?25l[51;76H7,26-30[7;30H[?25h[?25l[51;66Hi[7;30H[51;66H [7;30H[51;1H[1m-- INSERT --[m[51;13H[K[51;76H7,26-30[7CAll[7;30H[?25h[?25l[51;79H7-31[7;31H[?25h[?25l[7;30H[K[51;79H6-30[7;30H[?25h[?25l[7;29H[K[51;79H5-29[7;29H[?25h[?25l[7;28H[K[51;79H4-28[7;28H[?25h[?25l[7;27H[K[51;79H3-27[7;27H[?25h[?25l[7;26H[K[51;79H2-26[7;26H[?25h[?25l[7;25H[K[51;79H1-25[7;25H[?25h[?25l[51;79H0-24[7;24H[?25h[?25l[7;23H[K[51;78H19-23[7;23H[?25h[?25l[7;22H[K[51;79H8-22[7;22H[?25h[?25l[7;21H[K[51;79H7-21[7;21H[?25h[?25l[7;20H[K[51;79H6-20[7;20H[?25h[?25l[7;19H[K[51;79H5-19[7;19H[?25h[?25l[7;18H[K[51;79H4-18[7;18H[?25h[?25l[36m     [m[7;17H[K[51;79H3-17[7;17H[?25h[?25l     k[51;79H4-18[7;18H[?25h[?25le[51;79H5-19[7;19H[?25h[?25ly[51;79H6-20[7;20H[?25h[?25l-[51;79H7-21[7;21H[?25h[?25lv[51;79H8-22[7;22H[?25h[?25la[51;79H9-23[7;23H[?25h[?25ll[51;78H20-24[7;24H[?25h[?25lu[51;79H1-25[7;25H[?25h[?25le[51;79H2-26[7;26H[?25h[?25l.[51;79H3-27[7;27H[?25h[?25lo[51;79H4-28[7;28H[?25h[?25l[51;79H5-29[7;29H[?25h[?25lm[51;79H6-30[7;30H[?25h[?25la[51;79H7-31[7;31H[?25h[?25li[51;79H8-32[7;32H[?25h[?25ln[51;79H9-33[7;33H[?25h[?25l.[51;78H30-34[7;34H[?25h[?25lo[51;79H1-35[7;35H[?25h[?25l[51;76H8,23-37[8;37H[?25h[?25l[31m [m[1C[36m$(LDFLAGS)[m[31m -o [m[1C[36m$@[m[8;55H[K[51;79H2-36[8;36H[?25h[?25l[31m [m[1C[36m$(LDFLAGS)[m[31m -o [m[1C[36m$@[m[8;54H[K[51;79H1-35[8;35H[?25h[?25l[31m [m[1C[36m$(LDFLAGS)[m[31m -o [m[1C[36m$@[m[8;53H[K[51;79H0-34[8;34H[?25h[?25l[31m [m[1C[36m$(LDFLAGS)[m[31m -o [m[1C[36m$@[m[8;52H[K[51;78H19-33[8;33H[?25h[?25l[31m [m[1C[36m$(LDFLAGS)[m[31m -o [m[1C[36m$@[m[8;51H[K[51;79H8-32[8;32H[?25h[?25l[31m [m[1C[36m$(LDFLAGS)[m[31m -o [m[1C[36m$@[m[8;50H[K[51;79H7-31[8;31H[?25h[?25l[1C[36m$(LDFLAGS)[m[31m -o [m[1C[36m$@[m[8;49H[K[51;79H6-30[8;30H[?25h[?25l[31m [m[1C[36m$(LDFLAGS)[m[31m -o [m[1C[36m$@[m[8;48H[K[51;79H5-29[8;29H[?25h[?25l[31m [m[1C[36m$(LDFLAGS)[m[31m -o [m[1C[36m$@[m[8;47H[K[51;79H4-28[8;28H[?25h[?25l[31m [m[1C[36m$(LDFLAGS)[m[31m -o [m[1C[36m$@[m[8;46H[K[51;79H3-27[8;27H[?25h[?25l[31m [m[1C[36m$(LDFLAGS)[m[31m -o [m[1C[36m$@[m[8;45H[K[51;79H2-26[8;26H[?25h[?25l[31m [m[1C[36m$(LDFLAGS)[m[31m -o [m[1C[36m$@[m[8;44H[K[51;79H1-25[8;25H[?25h[?25l[31m [m[1C[36m$(LDFLAGS)[m[31m -o [m[1C[36m$@[m[8;43H[K[51;79H0-24[8;24H[?25h[?25l[31m [m[1C[36m$(LDFLAGS)[m[31m -o [m[1C[36m$@[m[8;42H[K[51;78H9-23 [8;23H[?25h[?25l[31mk  [m[36m$(LDFLAGS)[m[31m -o  [m[36m$@[m[51;78H10-24[8;24H[?25h[?25l[31me  [m[36m$(LDFLAGS)[m[31m -o  [m[36m$@[m[51;79H1-25[8;25H[?25h[?25l[31my  [m[36m$(LDFLAGS)[m[31m -o  [m[36m$@[m[51;79H2-26[8;26H[?25h[?25l[31m-  [m[36m$(LDFLAGS)[m[31m -o  [m[36m$@[m[51;79H3-27[8;27H[?25h[?25l[31mv  [m[36m$(LDFLAGS)[m[31m -o  [m[36m$@[m[51;79H4-28[8;28H[?25h[?25l[31ma  [m[36m$(LDFLAGS)[m[31m -o  [m[36m$@[m[51;79H5-29[8;29H[?25h[?25l[31ml  [m[36m$(LDFLAGS)[m[31m -o  [m[36m$@[m[51;79H6-30[8;30H[?25h[?25l[31mu  [m[36m$(LDFLAGS)[m[31m -o  [m[36m$@[m[51;79H7-31[8;31H[?25h[?25l[31me  [m[36m$(LDFLAGS)[m[31m -o  [m[36m$@[m[51;79H8-32[8;32H[?25h[?25l[31m.  [m[36m$(LDFLAGS)[m[31m -o  [m[36m$@[m[51;79H9-33[8;33H[?25h[?25l[31mo  [m[36m$(LDFLAGS)[m[31m -o  [m[36m$@[m[51;78H20-34[8;34H[?25h[?25l[2C[31m [m[36m$(LDFLAGS)[m[31m -o  [m[36m$@[m[51;79H1-35[8;35H[?25h[?25l[31mm  [m[36m$(LDFLAGS)[m[31m -o  [m[36m$@[m[51;79H2-36[8;36H[?25h[?25l[31ma  [m[36m$(LDFLAGS)[m[31m -o  [m[36m$@[m[51;79H3-37[8;37H[?25h[?25l[31mi  [m[36m$(LDFLAGS)[m[31m -o  [m[36m$@[m[51;79H4-38[8;38H[?25h[?25l[31mn  [m[36m$(LDFLAGS)[m[31m -o  [m[36m$@[m[51;79H5-39[8;39H[?25h[?25l[31m.  [m[36m$(LDFLAGS)[m[31m -o  [m[36m$@[m[51;79H6-40[8;40H[?25h[?25l[31mo  [m[36m$(LDFLAGS)[m[31m -o  [m[36m$@[m[51;79H7-41[8;41H[?25h[51;1H[K[8;40H[?25l[51;66H^[[8;40H[51;66H  [8;41H[51;76H8,26-40[7CAll[8;40H[?25h[?25l[51;66H:[8;40H[51;66H[K[51;1H:[?2004h[?25hw[?25l[?25hq[?25l[?25h[?25l[?1002l[?2004l"Makefile" 25L, 516C written[23;2t[23;1t[22;2t[22;1t[23;2t[23;1t
[?2004l[?1l>[?25h[?1049l[23;0;0trgeary1@remote06:~/i220a/submit/lab1/exercises/4-from-scratch$ make
cc -g -Wall -std=c11   -c -o key-value.o key-value.c
cc -g -Wall -std=c11   -c -o main.o main.c
cc key-value.o main.o  -lm -o  key-value
/usr/bin/ld: main.o: in function `main':
/home/rgeary1/i220a/submit/lab1/exercises/4-from-scratch/main.c:12: undefined reference to `process_file'
/usr/bin/ld: /home/rgeary1/i220a/submit/lab1/exercises/4-from-scratch/main.c:21: undefined reference to `process_file'
collect2: error: ld returned 1 exit status
make: *** [Makefile:8: key-value] Error 1
rgeary1@remote06:~/i220a/submit/lab1/exercises/4-from-scratch$ makevim Makefile 
[?1000h[?2004h[?1049h[22;0;0t[?1h=[?2004h[1;51r[?12h[?12l[22;2t[22;1t[27m[23m[29m[m[H[2J[?25l[51;1H"Makefile" 25L, 516C[2;1Hâ–½[6n[2;1H  [1;1H[>c]10;?]11;?[1;1H[36mPROJECT [m= key-value

[36mCFLAGS [m= -g -Wall -std=c11
[36mLDFLAGS [m=  -lm
[36mSRC_FILES [m= key-value.c key-value.h main.c process-file.h process-file.c

[36m$(PROJECT):[m     key-value.o main.o
[31m                [m[36m$(CC)[m[31m key-value.o main.o  [m[36m$(LDFLAGS)[m[31m -o  [m[36m$@[m[12;1H[34m#automatically generated dependencies produced by make depend: main.c quadr.c quadr.h[m

[36mdist:[11C$(PROJECT)[m.tar.gz

[36m$(PROJECT).tar.gz:[m      [36m$(SRC_FILES)[m
[31m                        tar -cf [m[36m$(PROJECT)[m[31m.tar [m[36m$(SRC_FILES)[m
[31m                        gzip -f [m[36m$(PROJECT)[m[31m.tar[m

[36mclean:[m
[31m                rm -f *.o [m[36m$(PROJECT)[m[31m [m[36m$(PROJECT)[m[31m.tar.gz[m

[36mdepend:         [m
[31m                [m[36m$(CC0 -MM $(CPPFLAGS) *.c[m

[1m[34m~                                                                                            [27;1H~                                                                                            [28;1H~                                                                                            [29;1H~                                                                                            [30;1H~                                                                                            [31;1H~                                                                                            [32;1H~                                                                                            [33;1H~                                                                                            [34;1H~                                                                                            [35;1H~                                                                                            [36;1H~                                                                                            [37;1H~                                                                                            [38;1H~                                                                                            [39;1H~                                                                                            [40;1H~                                                                                            [41;1H~                                                                                            [42;1H~                                                                                            [43;1H~                                                                                            [44;1H~                                                                                            [45;1H~                                                                                            [46;1H~                                                                                            [47;1H~                                                                                            [48;1H~                                                                                            [49;1H~                                                                                            [50;1H~                                                                                            [m[51;76H8,26-40[7CAll[8;40H[?25h[?1000l[?1002h[?25l[51;76H7,13-17[7;17H[?25h[?25l[51;66Hp[7;17H[51;66H [7;18Hqey-value.o main.o[51;79H4-18[7;18H[?25h[?25l[51;66Hr[7;18H[?25h[?25l[51;67Ho[7;18H[51;66H  [7;18Ho[?25h[?25l[51;66Hc[7;18H[?25h[?25l[51;67He[7;18H[51;66H  [7;18H[51;1H[1m-- INSERT --[m[51;13H[K[51;76H7,14-18[7CAll[7;18H-value.o main.o[7;33H[K[7;18H[?25h[?25ls-value.o main.o[51;79H5-19[7;19H[?25h[?25ls-value.o main.o[51;79H6-20[7;20H[?25h[?25l--value.o main.o[51;79H7-21[7;21H[?25h[?25lg-value.o main.o[51;79H8-22[7;22H[?25h[?25l-value.o main.o[7;36H[K[51;79H7-21[7;21H[?25h[?25lf-value.o main.o[51;79H8-22[7;22H[?25h[?25li-value.o main.o[51;79H9-23[7;23H[?25h[?25ll-value.o main.o[51;78H20-24[7;24H[?25h[?25le-value.o main.o[51;79H1-25[7;25H[?25h[?25l.-value.o main.o[51;79H2-26[7;26H[?25h[?25lo-value.o main.o[51;79H3-27[7;27H[?25h[?25l -value.o main.o[51;79H4-28[7;28H[?25h[?25l[51;78H14-1[7;18H[?25h[?25lss-file.o -value.o main.o[7;42H[K[51;79H3-17[7;17H[?25h[?25lpss-file.o -value.o main.o[51;79H4-18[7;18H[?25h[?25lrss-file.o -value.o main.o[51;79H5-19[7;19H[?25h[?25loss-file.o -value.o main.o[51;79H6-20[7;20H[?25h[?25lcss-file.o -value.o main.o[51;79H7-21[7;21H[?25h[?25less-file.o -value.o main.o[51;79H8-22[7;22H[?25h[?25lsss-file.o -value.o main.o[51;79H9-23[7;23H[?25h[?25lsss-file.o -value.o main.o[51;78H20-24[7;24H[?25h[?25ls-file.o -value.o main.o[7;48H[K[51;78H19-23[7;23H[?25h[?25ls-file.o -value.o main.o[7;47H[K[51;79H8-22[7;22H[?25h[?25l[51;76H8,9-23 [8;23H[?25h[?25l[31mpkey-value.o main.o  [m[36m$(LDFLAGS)[m[31m -o  [m[36m$@[m[51;78H10-24[8;24H[?25h[?25l[31mrkey-value.o main.o  [m[36m$(LDFLAGS)[m[31m -o  [m[36m$@[m[51;79H1-25[8;25H[?25h[?25l[31mokey-value.o main.o  [m[36m$(LDFLAGS)[m[31m -o  [m[36m$@[m[51;79H2-26[8;26H[?25h[?25l[31mckey-value.o main.o  [m[36m$(LDFLAGS)[m[31m -o  [m[36m$@[m[51;79H3-27[8;27H[?25h[?25l[31mekey-value.o main.o  [m[36m$(LDFLAGS)[m[31m -o  [m[36m$@[m[51;79H4-28[8;28H[?25h[?25l[31mskey-value.o main.o  [m[36m$(LDFLAGS)[m[31m -o  [m[36m$@[m[51;79H5-29[8;29H[?25h[?25l[31mskey-value.o main.o  [m[36m$(LDFLAGS)[m[31m -o  [m[36m$@[m[51;79H6-30[8;30H[?25h[?25l[31m-key-value.o main.o  [m[36m$(LDFLAGS)[m[31m -o  [m[36m$@[m[51;79H7-31[8;31H[?25h[?25l[31mfkey-value.o main.o  [m[36m$(LDFLAGS)[m[31m -o  [m[36m$@[m[51;79H8-32[8;32H[?25h[?25l[31mikey-value.o main.o  [m[36m$(LDFLAGS)[m[31m -o  [m[36m$@[m[51;79H9-33[8;33H[?25h[?25l[31mlkey-value.o main.o  [m[36m$(LDFLAGS)[m[31m -o  [m[36m$@[m[51;78H20-34[8;34H[?25h[?25l[31mekey-value.o main.o  [m[36m$(LDFLAGS)[m[31m -o  [m[36m$@[m[51;79H1-35[8;35H[?25h[?25l[31m.key-value.o main.o  [m[36m$(LDFLAGS)[m[31m -o  [m[36m$@[m[51;79H2-36[8;36H[?25h[?25l[31mokey-value.o main.o  [m[36m$(LDFLAGS)[m[31m -o  [m[36m$@[m[51;79H3-37[8;37H[?25h[?25l[31m key-value.o main.o  [m[36m$(LDFLAGS)[m[31m -o  [m[36m$@[m[51;79H4-38[8;38H[?25h[51;1H[K[8;37H[?25l[51;66H^[[8;37H[51;66H  [8;38H[51;76H8,23-37[7CAll[8;37H[?25h[?25l[51;66H:[8;37H[51;66H[K[51;1H:[?2004h[?25hw[?25l[?25hq[?25l[?25h[?25l[?1002l[?2004l"Makefile" 25L, 543C written[23;2t[23;1t[22;2t[22;1t[23;2t[23;1t
[?2004l[?1l>[?25h[?1049l[23;0;0trgeary1@remote06:~/i220a/submit/lab1/exercises/4-from-scratch$ make
cc -g -Wall -std=c11   -c -o process-file.o process-file.c
make: *** No rule to make target '-value.o', needed by 'key-value'.  Stop.
rgeary1@remote06:~/i220a/submit/lab1/exercises/4-from-scratch$ makevim Makefile 
[?1000h[?2004h[?1049h[22;0;0t[?1h=[?2004h[1;51r[?12h[?12l[22;2t[22;1t[27m[23m[29m[m[H[2J[?25l[51;1H"Makefile" 25L, 543C[2;1Hâ–½[6n[2;1H  [1;1H[>c]10;?]11;?[1;1H[36mPROJECT [m= key-value

[36mCFLAGS [m= -g -Wall -std=c11
[36mLDFLAGS [m=  -lm
[36mSRC_FILES [m= key-value.c key-value.h main.c process-file.h process-file.c

[36m$(PROJECT):[m     process-file.o -value.o main.o
[31m                [m[36m$(CC)[m[31m process-file.o key-value.o main.o  [m[36m$(LDFLAGS)[m[31m -o  [m[36m$@[m[12;1H[34m#automatically generated dependencies produced by make depend: main.c quadr.c quadr.h[m

[36mdist:[11C$(PROJECT)[m.tar.gz

[36m$(PROJECT).tar.gz:[m      [36m$(SRC_FILES)[m
[31m                        tar -cf [m[36m$(PROJECT)[m[31m.tar [m[36m$(SRC_FILES)[m
[31m                        gzip -f [m[36m$(PROJECT)[m[31m.tar[m

[36mclean:[m
[31m                rm -f *.o [m[36m$(PROJECT)[m[31m [m[36m$(PROJECT)[m[31m.tar.gz[m

[36mdepend:         [m
[31m                [m[36m$(CC0 -MM $(CPPFLAGS) *.c[m

[1m[34m~                                                                                            [27;1H~                                                                                            [28;1H~                                                                                            [29;1H~                                                                                            [30;1H~                                                                                            [31;1H~                                                                                            [32;1H~                                                                                            [33;1H~                                                                                            [34;1H~                                                                                            [35;1H~                                                                                            [36;1H~                                                                                            [37;1H~                                                                                            [38;1H~                                                                                            [39;1H~                                                                                            [40;1H~                                                                                            [41;1H~                                                                                            [42;1H~                                                                                            [43;1H~                                                                                            [44;1H~                                                                                            [45;1H~                                                                                            [46;1H~                                                                                            [47;1H~                                                                                            [48;1H~                                                                                            [49;1H~                                                                                            [50;1H~                                                                                            [m[51;76H8,23-37[7CAll[8;37H[?25h[?1000l[?1002h[?25l[51;66H~@k[8;37H[51;66H   [8;38H[51;79H4-38[8;38H[?25h[?25l[51;66H~@k[8;38H[51;66H   [7;38H[51;76H7,3[7;38H[?25h[?25l[51;66H~@k[7;38H[51;66H   [7;37H[51;79H3-37[7;37H[?25h[?25l[51;66H~@k[7;37H[51;66H   [7;36H[51;79H2-36[7;36H[?25h[?25l[51;66H~@k[7;36H[51;66H   [7;35H[51;79H1-35[7;35H[?25h[?25l[51;66H~@k[7;35H[51;66H   [7;34H[51;79H0-34[7;34H[?25h[?25l[51;66H~@k[7;34H[51;66H   [7;33H[51;78H29-33[7;33H[?25h[?25l[51;66H~@k[7;33H[51;66H   [7;32H[51;79H8-32[7;32H[?25h[?25l[51;66H~@k[7;32H[51;66H   [7;31H[51;79H7-31[7;31H[?25h[?25l[51;66Hk[7;31H[51;66H [6;1H[51;76H6,0-1  [6;1H[?25h[?25l[51;76H7,27-31[7;31H[?25h[?25l[51;66H~@k[7;31H[51;66H   [7;32H[51;79H8-32[7;32H[?25h[?25l[51;66Hi[7;32H[51;66H [7;32H[51;1H[1m-- INSERT --[m[51;13H[K[51;76H7,28-32[7CAll[7;32H[?25h[?25lk-value.o main.o[51;79H9-33[7;33H[?25h[?25le-value.o main.o[51;78H30-34[7;34H[?25h[?25ly-value.o main.o[51;79H1-35[7;35H[?25h[51;1H[K[7;34H[?25l[51;66H^[[7;34H[51;66H  [7;35H[51;76H7,30-34[7CAll[7;34H[?25h[?25l[51;66H:[7;34H[51;66H[K[51;1H:[?2004h[?25hw[?25l[?25hq[?25l[?25h[?25l[?1002l[?2004l"Makefile" 25L, 546C written[23;2t[23;1t[22;2t[22;1t[23;2t[23;1t
[?2004l[?1l>[?25h[?1049l[23;0;0trgeary1@remote06:~/i220a/submit/lab1/exercises/4-from-scratch$ make
cc process-file.o key-value.o main.o  -lm -o  key-value
rgeary1@remote06:~/i220a/submit/lab1/exercises/4-from-scratch$ ./key-value 
a
<stdin>:1: bad input
a==22
<stdin>:2: bad value
a=22
a?
22
^[:wq
<stdin>:5: bad input
rgeary1@remote06:~/i220a/submit/lab1/exercises/4-from-scratch$ cat Makefile
PROJECT = key-value

CFLAGS = -g -Wall -std=c11
LDFLAGS =  -lm
SRC_FILES = key-value.c key-value.h main.c process-file.h process-file.c

$(PROJECT):	process-file.o key-value.o main.o
		$(CC) process-file.o key-value.o main.o  $(LDFLAGS) -o  $@



#automatically generated dependencies produced by make depend: main.c quadr.c quadr.h

dist:		$(PROJECT).tar.gz

$(PROJECT).tar.gz:	$(SRC_FILES)
			tar -cf $(PROJECT).tar $(SRC_FILES)
			gzip -f $(PROJECT).tar

clean:
		rm -f *.o $(PROJECT) $(PROJECT).tar.gz

depend:		
		$(CC0 -MM $(CPPFLAGS) *.c

rgeary1@remote06:~/i220a/submit/lab1/exercises/4-from-scratch$ cd ..
rgeary1@remote06:~/i220a/submit/lab1/exercises$ cd 5-auto-dependencies/
rgeary1@remote06:~/i220a/submit/lab1/exercises/5-auto-dependencies$ make
gcc -MT quadr.o -MMD -MP -MF .deps/quadr.d  -c quadr.c
gcc -MT main.o -MMD -MP -MF .deps/main.d  -c main.c
gcc quadr.o main.o -lm -o quadr
rgeary1@remote06:~/i220a/submit/lab1/exercises/5-auto-dependencies$ ls
main.c	main.o	Makefile  quadr  quadr.c  quadr.h  quadr.o  test.data
rgeary1@remote06:~/i220a/submit/lab1/exercises/5-auto-dependencies$ ./quadr test.data
a = 2, b = 6, c = 4, root1 = -1, root2 = -2
a = 1, b = 5, c = -2, root1 = 0.372281, root2 = -5.37228
a = 2, b = 3, c = 4, root1 = -nan, root2 = -nan
test.data:4: must have 3 doubles: bad input line 1 2+ 3
rgeary1@remote06:~/i220a/submit/lab1/exercises/5-auto-dependencies$ exit

Script done on 2020-09-02 22:52:06-04:00 [COMMAND_EXIT_CODE="0"]
